Archive member included to satisfy reference by file (symbol)

C:/ST/STM32CubeIDE_2.1.1/STM32CubeIDE/plugins/com.st.stm32cube.ide.mcu.externaltools.gnu-tools-for-stm32.14.3.rel1.win32_1.0.100.202602081740/tools/bin/../lib/gcc/arm-none-eabi/14.3.1/../../../../arm-none-eabi/lib/thumb/v7-m/nofp\libc_nano.a(libc_a-exit.o)
                              C:/ST/STM32CubeIDE_2.1.1/STM32CubeIDE/plugins/com.st.stm32cube.ide.mcu.externaltools.gnu-tools-for-stm32.14.3.rel1.win32_1.0.100.202602081740/tools/bin/../lib/gcc/arm-none-eabi/14.3.1/../../../../arm-none-eabi/lib/thumb/v7-m/nofp/crt0.o (exit)
C:/ST/STM32CubeIDE_2.1.1/STM32CubeIDE/plugins/com.st.stm32cube.ide.mcu.externaltools.gnu-tools-for-stm32.14.3.rel1.win32_1.0.100.202602081740/tools/bin/../lib/gcc/arm-none-eabi/14.3.1/../../../../arm-none-eabi/lib/thumb/v7-m/nofp\libc_nano.a(libc_a-findfp.o)
                              C:/ST/STM32CubeIDE_2.1.1/STM32CubeIDE/plugins/com.st.stm32cube.ide.mcu.externaltools.gnu-tools-for-stm32.14.3.rel1.win32_1.0.100.202602081740/tools/bin/../lib/gcc/arm-none-eabi/14.3.1/../../../../arm-none-eabi/lib/thumb/v7-m/nofp\libc_nano.a(libc_a-exit.o) (__stdio_exit_handler)
C:/ST/STM32CubeIDE_2.1.1/STM32CubeIDE/plugins/com.st.stm32cube.ide.mcu.externaltools.gnu-tools-for-stm32.14.3.rel1.win32_1.0.100.202602081740/tools/bin/../lib/gcc/arm-none-eabi/14.3.1/../../../../arm-none-eabi/lib/thumb/v7-m/nofp\libc_nano.a(libc_a-fwalk.o)
                              C:/ST/STM32CubeIDE_2.1.1/STM32CubeIDE/plugins/com.st.stm32cube.ide.mcu.externaltools.gnu-tools-for-stm32.14.3.rel1.win32_1.0.100.202602081740/tools/bin/../lib/gcc/arm-none-eabi/14.3.1/../../../../arm-none-eabi/lib/thumb/v7-m/nofp\libc_nano.a(libc_a-findfp.o) (_fwalk_sglue)
C:/ST/STM32CubeIDE_2.1.1/STM32CubeIDE/plugins/com.st.stm32cube.ide.mcu.externaltools.gnu-tools-for-stm32.14.3.rel1.win32_1.0.100.202602081740/tools/bin/../lib/gcc/arm-none-eabi/14.3.1/../../../../arm-none-eabi/lib/thumb/v7-m/nofp\libc_nano.a(libc_a-stdio.o)
                              C:/ST/STM32CubeIDE_2.1.1/STM32CubeIDE/plugins/com.st.stm32cube.ide.mcu.externaltools.gnu-tools-for-stm32.14.3.rel1.win32_1.0.100.202602081740/tools/bin/../lib/gcc/arm-none-eabi/14.3.1/../../../../arm-none-eabi/lib/thumb/v7-m/nofp\libc_nano.a(libc_a-findfp.o) (__sread)
C:/ST/STM32CubeIDE_2.1.1/STM32CubeIDE/plugins/com.st.stm32cube.ide.mcu.externaltools.gnu-tools-for-stm32.14.3.rel1.win32_1.0.100.202602081740/tools/bin/../lib/gcc/arm-none-eabi/14.3.1/../../../../arm-none-eabi/lib/thumb/v7-m/nofp\libc_nano.a(libc_a-memset.o)
                              C:/ST/STM32CubeIDE_2.1.1/STM32CubeIDE/plugins/com.st.stm32cube.ide.mcu.externaltools.gnu-tools-for-stm32.14.3.rel1.win32_1.0.100.202602081740/tools/bin/../lib/gcc/arm-none-eabi/14.3.1/../../../../arm-none-eabi/lib/thumb/v7-m/nofp/crt0.o (memset)
C:/ST/STM32CubeIDE_2.1.1/STM32CubeIDE/plugins/com.st.stm32cube.ide.mcu.externaltools.gnu-tools-for-stm32.14.3.rel1.win32_1.0.100.202602081740/tools/bin/../lib/gcc/arm-none-eabi/14.3.1/../../../../arm-none-eabi/lib/thumb/v7-m/nofp\libc_nano.a(libc_a-closer.o)
                              C:/ST/STM32CubeIDE_2.1.1/STM32CubeIDE/plugins/com.st.stm32cube.ide.mcu.externaltools.gnu-tools-for-stm32.14.3.rel1.win32_1.0.100.202602081740/tools/bin/../lib/gcc/arm-none-eabi/14.3.1/../../../../arm-none-eabi/lib/thumb/v7-m/nofp\libc_nano.a(libc_a-stdio.o) (_close_r)
C:/ST/STM32CubeIDE_2.1.1/STM32CubeIDE/plugins/com.st.stm32cube.ide.mcu.externaltools.gnu-tools-for-stm32.14.3.rel1.win32_1.0.100.202602081740/tools/bin/../lib/gcc/arm-none-eabi/14.3.1/../../../../arm-none-eabi/lib/thumb/v7-m/nofp\libc_nano.a(libc_a-reent.o)
                              C:/ST/STM32CubeIDE_2.1.1/STM32CubeIDE/plugins/com.st.stm32cube.ide.mcu.externaltools.gnu-tools-for-stm32.14.3.rel1.win32_1.0.100.202602081740/tools/bin/../lib/gcc/arm-none-eabi/14.3.1/../../../../arm-none-eabi/lib/thumb/v7-m/nofp\libc_nano.a(libc_a-closer.o) (errno)
C:/ST/STM32CubeIDE_2.1.1/STM32CubeIDE/plugins/com.st.stm32cube.ide.mcu.externaltools.gnu-tools-for-stm32.14.3.rel1.win32_1.0.100.202602081740/tools/bin/../lib/gcc/arm-none-eabi/14.3.1/../../../../arm-none-eabi/lib/thumb/v7-m/nofp\libc_nano.a(libc_a-impure.o)
                              C:/ST/STM32CubeIDE_2.1.1/STM32CubeIDE/plugins/com.st.stm32cube.ide.mcu.externaltools.gnu-tools-for-stm32.14.3.rel1.win32_1.0.100.202602081740/tools/bin/../lib/gcc/arm-none-eabi/14.3.1/../../../../arm-none-eabi/lib/thumb/v7-m/nofp\libc_nano.a(libc_a-reent.o) (_impure_ptr)
C:/ST/STM32CubeIDE_2.1.1/STM32CubeIDE/plugins/com.st.stm32cube.ide.mcu.externaltools.gnu-tools-for-stm32.14.3.rel1.win32_1.0.100.202602081740/tools/bin/../lib/gcc/arm-none-eabi/14.3.1/../../../../arm-none-eabi/lib/thumb/v7-m/nofp\libc_nano.a(libc_a-lseekr.o)
[...]
Memory Configuration

Name             Origin             Length             Attributes
RAM              0x20000000         0x00005000         xrw
FLASH            0x08000000         0x00010000         xr
*default*        0x00000000         0xffffffff

Linker script and memory map

LOAD C:/ST/STM32CubeIDE_2.1.1/STM32CubeIDE/plugins/com.st.stm32cube.ide.mcu.externaltools.gnu-tools-for-stm32.14.3.rel1.win32_1.0.100.202602081740/tools/bin/../lib/gcc/arm-none-eabi/14.3.1/thumb/v7-m/nofp/crti.o
LOAD C:/ST/STM32CubeIDE_2.1.1/STM32CubeIDE/plugins/com.st.stm32cube.ide.mcu.externaltools.gnu-tools-for-stm32.14.3.rel1.win32_1.0.100.202602081740/tools/bin/../lib/gcc/arm-none-eabi/14.3.1/thumb/v7-m/nofp/crtbegin.o
LOAD C:/ST/STM32CubeIDE_2.1.1/STM32CubeIDE/plugins/com.st.stm32cube.ide.mcu.externaltools.gnu-tools-for-stm32.14.3.rel1.win32_1.0.100.202602081740/tools/bin/../lib/gcc/arm-none-eabi/14.3.1/../../../../arm-none-eabi/lib/thumb/v7-m/nofp/crt0.o
LOAD ./Core/Src/app.o
LOAD ./Core/Src/backplane_card_bus.o
LOAD ./Core/Src/backplane_fpga_bus.o
LOAD ./Core/Src/backplane_pump_bus.o
LOAD ./Core/Src/gpio.o
LOAD ./Core/Src/main.o
LOAD ./Core/Src/protocol.o
LOAD ./Core/Src/rtc.o
LOAD ./Core/Src/scheduler.o
LOAD ./Core/Src/spi.o
LOAD ./Core/Src/spi_frame.o
LOAD ./Core/Src/stm32f1xx_hal_msp.o
LOAD ./Core/Src/stm32f1xx_it.o
LOAD ./Core/Src/syscalls.o
LOAD ./Core/Src/sysmem.o
LOAD ./Core/Src/system_stm32f1xx.o
LOAD ./Core/Src/usart.o
LOAD ./Core/Startup/startup_stm32f103c8tx.o
LOAD ./Drivers/STM32F1xx_HAL_Driver/Src/stm32f1xx_hal.o
LOAD ./Drivers/STM32F1xx_HAL_Driver/Src/stm32f1xx_hal_cortex.o
LOAD ./Drivers/STM32F1xx_HAL_Driver/Src/stm32f1xx_hal_dma.o
LOAD ./Drivers/STM32F1xx_HAL_Driver/Src/stm32f1xx_hal_exti.o
LOAD ./Drivers/STM32F1xx_HAL_Driver/Src/stm32f1xx_hal_flash.o
LOAD ./Drivers/STM32F1xx_HAL_Driver/Src/stm32f1xx_hal_flash_ex.o
LOAD ./Drivers/STM32F1xx_HAL_Driver/Src/stm32f1xx_hal_gpio.o
LOAD ./Drivers/STM32F1xx_HAL_Driver/Src/stm32f1xx_hal_gpio_ex.o
LOAD ./Drivers/STM32F1xx_HAL_Driver/Src/stm32f1xx_hal_pcd.o
LOAD ./Drivers/STM32F1xx_HAL_Driver/Src/stm32f1xx_hal_pcd_ex.o
LOAD ./Drivers/STM32F1xx_HAL_Driver/Src/stm32f1xx_hal_pwr.o
LOAD ./Drivers/STM32F1xx_HAL_Driver/Src/stm32f1xx_hal_rcc.o
LOAD ./Drivers/STM32F1xx_HAL_Driver/Src/stm32f1xx_hal_rcc_ex.o
LOAD ./Drivers/STM32F1xx_HAL_Driver/Src/stm32f1xx_hal_rtc.o
LOAD ./Drivers/STM32F1xx_HAL_Driver/Src/stm32f1xx_hal_rtc_ex.o
LOAD ./Drivers/STM32F1xx_HAL_Driver/Src/stm32f1xx_hal_spi.o
LOAD ./Drivers/STM32F1xx_HAL_Driver/Src/stm32f1xx_hal_usart.o
LOAD ./Drivers/STM32F1xx_HAL_Driver/Src/stm32f1xx_ll_usb.o
LOAD ./Middlewares/ST/STM32_USB_Device_Library/Class/CDC/Src/usbd_cdc.o
LOAD ./Middlewares/ST/STM32_USB_Device_Library/Core/Src/usbd_core.o
LOAD ./Middlewares/ST/STM32_USB_Device_Library/Core/Src/usbd_ctlreq.o
LOAD ./Middlewares/ST/STM32_USB_Device_Library/Core/Src/usbd_ioreq.o
LOAD ./USB_DEVICE/App/usb_device.o
LOAD ./USB_DEVICE/App/usbd_cdc_if.o
LOAD ./USB_DEVICE/App/usbd_desc.o
LOAD ./USB_DEVICE/Target/usbd_conf.o
START GROUP
LOAD C:/ST/STM32CubeIDE_2.1.1/STM32CubeIDE/plugins/com.st.stm32cube.ide.mcu.externaltools.gnu-tools-for-stm32.14.3.rel1.win32_1.0.100.202602081740/tools/bin/../lib/gcc/arm-none-eabi/14.3.1/../../../../arm-none-eabi/lib/thumb/v7-m/nofp\libc_nano.a
LOAD C:/ST/STM32CubeIDE_2.1.1/STM32CubeIDE/plugins/com.st.stm32cube.ide.mcu.externaltools.gnu-tools-for-stm32.14.3.rel1.win32_1.0.100.202602081740/tools/bin/../lib/gcc/arm-none-eabi/14.3.1/../../../../arm-none-eabi/lib/thumb/v7-m/nofp\libm.a
END GROUP
START GROUP
LOAD C:/ST/STM32CubeIDE_2.1.1/STM32CubeIDE/plugins/com.st.stm32cube.ide.mcu.externaltools.gnu-tools-for-stm32.14.3.rel1.win32_1.0.100.202602081740/tools/bin/../lib/gcc/arm-none-eabi/14.3.1/thumb/v7-m/nofp\libgcc.a
LOAD C:/ST/STM32CubeIDE_2.1.1/STM32CubeIDE/plugins/com.st.stm32cube.ide.mcu.externaltools.gnu-tools-for-stm32.14.3.rel1.win32_1.0.100.202602081740/tools/bin/../lib/gcc/arm-none-eabi/14.3.1/../../../../arm-none-eabi/lib/thumb/v7-m/nofp\libc_nano.a
END GROUP
START GROUP
LOAD C:/ST/STM32CubeIDE_2.1.1/STM32CubeIDE/plugins/com.st.stm32cube.ide.mcu.externaltools.gnu-tools-for-stm32.14.3.rel1.win32_1.0.100.202602081740/tools/bin/../lib/gcc/arm-none-eabi/14.3.1/thumb/v7-m/nofp\libgcc.a
LOAD C:/ST/STM32CubeIDE_2.1.1/STM32CubeIDE/plugins/com.st.stm32cube.ide.mcu.externaltools.gnu-tools-for-stm32.14.3.rel1.win32_1.0.100.202602081740/tools/bin/../lib/gcc/arm-none-eabi/14.3.1/../../../../arm-none-eabi/lib/thumb/v7-m/nofp\libc_nano.a
LOAD C:/ST/STM32CubeIDE_2.1.1/STM32CubeIDE/plugins/com.st.stm32cube.ide.mcu.externaltools.gnu-tools-for-stm32.14.3.rel1.win32_1.0.100.202602081740/tools/bin/../lib/gcc/arm-none-eabi/14.3.1/../../../../arm-none-eabi/lib/thumb/v7-m/nofp\libnosys.a
END GROUP
START GROUP
LOAD C:/ST/STM32CubeIDE_2.1.1/STM32CubeIDE/plugins/com.st.stm32cube.ide.mcu.externaltools.gnu-tools-for-stm32.14.3.rel1.win32_1.0.100.202602081740/tools/bin/../lib/gcc/arm-none-eabi/14.3.1/thumb/v7-m/nofp\libgcc.a
LOAD C:/ST/STM32CubeIDE_2.1.1/STM32CubeIDE/plugins/com.st.stm32cube.ide.mcu.externaltools.gnu-tools-for-stm32.14.3.rel1.win32_1.0.100.202602081740/tools/bin/../lib/gcc/arm-none-eabi/14.3.1/../../../../arm-none-eabi/lib/thumb/v7-m/nofp\libc_nano.a
LOAD C:/ST/STM32CubeIDE_2.1.1/STM32CubeIDE/plugins/com.st.stm32cube.ide.mcu.externaltools.gnu-tools-for-stm32.14.3.rel1.win32_1.0.100.202602081740/tools/bin/../lib/gcc/arm-none-eabi/14.3.1/../../../../arm-none-eabi/lib/thumb/v7-m/nofp\libnosys.a
END GROUP
LOAD C:/ST/STM32CubeIDE_2.1.1/STM32CubeIDE/plugins/com.st.stm32cube.ide.mcu.externaltools.gnu-tools-for-stm32.14.3.rel1.win32_1.0.100.202602081740/tools/bin/../lib/gcc/arm-none-eabi/14.3.1/thumb/v7-m/nofp/crtend.o
LOAD C:/ST/STM32CubeIDE_2.1.1/STM32CubeIDE/plugins/com.st.stm32cube.ide.mcu.externaltools.gnu-tools-for-stm32.14.3.rel1.win32_1.0.100.202602081740/tools/bin/../lib/gcc/arm-none-eabi/14.3.1/thumb/v7-m/nofp/crtn.o
                0x20005000                        _estack = (ORIGIN (RAM) + LENGTH (RAM))
                0x00000200                        _Min_Heap_Size = 0x200
                0x00000400                        _Min_Stack_Size = 0x400

.isr_vector     0x08000000      0x10c
                0x08000000                        . = ALIGN (0x4)
 *(.isr_vector)
 .isr_vector    0x08000000      0x10c ./Core/Startup/startup_stm32f103c8tx.o
                0x08000000                g_pfnVectors
                0x0800010c                        . = ALIGN (0x4)

.text           0x0800010c     0xd2a4
                0x0800010c                        . = ALIGN (0x4)
 *(.text)
 .text          0x0800010c       0x40 C:/ST/STM32CubeIDE_2.1.1/STM32CubeIDE/plugins/com.st.stm32cube.ide.mcu.externaltools.gnu-tools-for-stm32.14.3.rel1.win32_1.0.100.202602081740/tools/bin/../lib/gcc/arm-none-eabi/14.3.1/thumb/v7-m/nofp/crtbegin.o
 .text          0x0800014c       0x30 C:/ST/STM32CubeIDE_2.1.1/STM32CubeIDE/plugins/com.st.stm32cube.ide.mcu.externaltools.gnu-tools-for-stm32.14.3.rel1.win32_1.0.100.202602081740/tools/bin/../lib/gcc/arm-none-eabi/14.3.1/thumb/v7-m/nofp\libgcc.a(_aeabi_uldivmod.o)
                0x0800014c                __aeabi_uldivmod
 .text          0x0800017c      0x2f4 C:/ST/STM32CubeIDE_2.1.1/STM32CubeIDE/plugins/com.st.stm32cube.ide.mcu.externaltools.gnu-tools-for-stm32.14.3.rel1.win32_1.0.100.202602081740/tools/bin/../lib/gcc/arm-none-eabi/14.3.1/thumb/v7-m/nofp\libgcc.a(_udivmoddi4.o)
                0x0800017c                __udivmoddi4
 .text          0x08000470        0x4 C:/ST/STM32CubeIDE_2.1.1/STM32CubeIDE/plugins/com.st.stm32cube.ide.mcu.externaltools.gnu-tools-for-stm32.14.3.rel1.win32_1.0.100.202602081740/tools/bin/../lib/gcc/arm-none-eabi/14.3.1/thumb/v7-m/nofp\libgcc.a(_dvmd_tls.o)
                0x08000470                __aeabi_idiv0
                0x08000470                __aeabi_ldiv0
 *(.text*)
 .text.app_get_time_us
                0x08000474       0x72 ./Core/Src/app.o
 *fill*         0x080004e6        0x2 
 .text.app_prepared_schedule_ready
                0x080004e8       0x30 ./Core/Src/app.o
 .text.app_prepare_remaining_ms
                0x08000518       0x38 ./Core/Src/app.o
 .text.app_handle_scheduler_runtime
                0x08000550       0x2a ./Core/Src/app.o
 *fill*         0x0800057a        0x2 
 .text.app_cancel_pending_start
                0x0800057c       0x20 ./Core/Src/app.o
 .text.app_reset_prepare_state
                0x0800059c       0x20 ./Core/Src/app.o
 .text.app_clear_prepared_outputs
                0x080005bc       0x14 ./Core/Src/app.o
 .text.app_arm_prepared_schedule
                0x080005d0       0x9a ./Core/Src/app.o
 *fill*         0x0800066a        0x2 
 .text.app_prepare_schedule
                0x0800066c      0x158 ./Core/Src/app.o
 .text.app_start_schedule
                0x080007c4       0x8c ./Core/Src/app.o
 .text.app_handle_pending_start
                0x08000850       0x5c ./Core/Src/app.o
 .text.app_try_tx
                0x080008ac       0x20 ./Core/Src/app.o
 .text.app_protocol_tx
                0x080008cc       0x90 ./Core/Src/app.o
 .text.app_send_status
                0x0800095c       0x78 ./Core/Src/app.o
 .text.app_send_prepare_status
                0x080009d4       0x6c ./Core/Src/app.o
 .text.app_send_card_inventory
                0x08000a40      0x110 ./Core/Src/app.o
 .text.app_store_deferred_event
                0x08000b50       0x48 ./Core/Src/app.o
 .text.app_take_deferred_event
                0x08000b98       0x48 ./Core/Src/app.o
 .text.app_enqueue_protocol_error
                0x08000be0       0xa6 ./Core/Src/app.o
 .text.app_enqueue_packet
                0x08000c86       0x7a ./Core/Src/app.o
 .text.app_process_protocol_error
                0x08000d00       0x38 ./Core/Src/app.o
 .text.app_handle_packet
                0x08000d38      0x1a0 ./Core/Src/app.o
 .text.app_process_events
                0x08000ed8       0x70 ./Core/Src/app.o
 .text.app_init
                0x08000f48       0x40 ./Core/Src/app.o
                0x08000f48                app_init
 .text.app_poll
                0x08000f88       0x4c ./Core/Src/app.o
                0x08000f88                app_poll
 .text.app_on_cdc_rx
                0x08000fd4       0x20 ./Core/Src/app.o
                0x08000fd4                app_on_cdc_rx
 .text.card_bus_set_error
                0x08000ff4       0x30 ./Core/Src/backplane_card_bus.o
 .text.spi_delay_cycles
                0x08001024       0x22 ./Core/Src/backplane_card_bus.o
 *fill*         0x08001046        0x2 
 .text.card_bus_select_slot
                0x08001048       0x78 ./Core/Src/backplane_card_bus.o
 .text.card_bus_deselect_all
                0x080010c0       0x1c ./Core/Src/backplane_card_bus.o
 .text.card_bus_spi_transaction
                0x080010dc       0x80 ./Core/Src/backplane_card_bus.o
 .text.card_bus_issue_command
                0x0800115c      0x11a ./Core/Src/backplane_card_bus.o
 *fill*         0x08001276        0x2 
 .text.card_bus_clear_slots
                0x08001278       0x5c ./Core/Src/backplane_card_bus.o
 .text.card_bus_identify_slot
                0x080012d4       0xa8 ./Core/Src/backplane_card_bus.o
 .text.card_bus_find_missing_slot
                0x0800137c       0x5e ./Core/Src/backplane_card_bus.o
 *fill*         0x080013da        0x2 
 .text.card_bus_init
                0x080013dc       0x1c ./Core/Src/backplane_card_bus.o
                0x080013dc                card_bus_init
 .text.card_bus_discover_all
                0x080013f8       0x88 ./Core/Src/backplane_card_bus.o
                0x080013f8                card_bus_discover_all
 .text.card_bus_discover_type_slots
                0x08001480       0xe6 ./Core/Src/backplane_card_bus.o
                0x08001480                card_bus_discover_type_slots
 *fill*         0x08001566        0x2 
 .text.card_bus_is_slot_present
                0x08001568       0x54 ./Core/Src/backplane_card_bus.o
                0x08001568                card_bus_is_slot_present
 .text.card_bus_find_first_slot
                0x080015bc       0x3c ./Core/Src/backplane_card_bus.o
                0x080015bc                card_bus_find_first_slot
 .text.card_bus_get_slots
                0x080015f8       0x14 ./Core/Src/backplane_card_bus.o
                0x080015f8                card_bus_get_slots
 .text.card_bus_read_reg
                0x0800160c       0x8c ./Core/Src/backplane_card_bus.o
                0x0800160c                card_bus_read_reg
 .text.card_bus_write_reg
                0x08001698       0x48 ./Core/Src/backplane_card_bus.o
                0x08001698                card_bus_write_reg
 .text.card_bus_get_last_status
                0x080016e0       0x18 ./Core/Src/backplane_card_bus.o
                0x080016e0                card_bus_get_last_status
 .text.card_bus_get_last_detail
                0x080016f8       0x18 ./Core/Src/backplane_card_bus.o
                0x080016f8                card_bus_get_last_detail
 .text.fpga_bus_set_error
                0x08001710       0x2c ./Core/Src/backplane_fpga_bus.o
 .text.fpga_bus_checksum_word
                0x0800173c       0x1e ./Core/Src/backplane_fpga_bus.o
 .text.fpga_bus_checksum_event
                0x0800175a       0x3e ./Core/Src/backplane_fpga_bus.o
 .text.fpga_bus_checksum_action
                0x08001798       0x40 ./Core/Src/backplane_fpga_bus.o
 .text.fpga_bus_ensure_slot
                0x080017d8       0x70 ./Core/Src/backplane_fpga_bus.o
 .text.fpga_bus_read_action
                0x08001848       0xbc ./Core/Src/backplane_fpga_bus.o
 .text.fpga_bus_build_gpio_registers
                0x08001904      0x14c ./Core/Src/backplane_fpga_bus.o
 .text.fpga_bus_validate_actions
                0x08001a50      0x108 ./Core/Src/backplane_fpga_bus.o
 .text.fpga_bus_write_control
                0x08001b58       0x4c ./Core/Src/backplane_fpga_bus.o
 .text.fpga_bus_clear_remote_queue
                0x08001ba4       0x26 ./Core/Src/backplane_fpga_bus.o
 *fill*         0x08001bca        0x2 
 .text.fpga_bus_write_event_entry
                0x08001bcc       0xbc ./Core/Src/backplane_fpga_bus.o
 .text.fpga_bus_write_action_entry
                0x08001c88      0x12c ./Core/Src/backplane_fpga_bus.o
 .text.fpga_bus_verify_remote_schedule
                0x08001db4      0x1d0 ./Core/Src/backplane_fpga_bus.o
 .text.fpga_bus_upload_schedule
                0x08001f84      0x208 ./Core/Src/backplane_fpga_bus.o
 .text.fpga_bus_init
                0x0800218c       0x18 ./Core/Src/backplane_fpga_bus.o
                0x0800218c                fpga_bus_init
 .text.fpga_bus_validate_schedule
                0x080021a4       0xa4 ./Core/Src/backplane_fpga_bus.o
                0x080021a4                fpga_bus_validate_schedule
 .text.fpga_bus_start_schedule
                0x08002248       0xa4 ./Core/Src/backplane_fpga_bus.o
                0x08002248                fpga_bus_start_schedule
 .text.fpga_bus_arm_schedule
                0x080022ec       0x78 ./Core/Src/backplane_fpga_bus.o
                0x080022ec                fpga_bus_arm_schedule
 .text.fpga_bus_is_schedule_complete
                0x08002364       0x88 ./Core/Src/backplane_fpga_bus.o
                0x08002364                fpga_bus_is_schedule_complete
 .text.fpga_bus_stop_all
                0x080023ec       0x4c ./Core/Src/backplane_fpga_bus.o
                0x080023ec                fpga_bus_stop_all
 .text.fpga_bus_get_last_detail
                0x08002438       0x14 ./Core/Src/backplane_fpga_bus.o
                0x08002438                fpga_bus_get_last_detail
 .text.pump_bus_set_error
                0x0800244c       0x2c ./Core/Src/backplane_pump_bus.o
 .text.pump_bus_checksum_word
                0x08002478       0x48 ./Core/Src/backplane_pump_bus.o
 .text.pump_bus_checksum_entry
                0x080024c0       0x36 ./Core/Src/backplane_pump_bus.o
 .text.pump_bus_read_action
                0x080024f6       0xbc ./Core/Src/backplane_pump_bus.o
 .text.pump_bus_flow_nl_to_speed_mV
                0x080025b2       0x56 ./Core/Src/backplane_pump_bus.o
 .text.pump_bus_build_registers
                0x08002608       0xf0 ./Core/Src/backplane_pump_bus.o
 .text.pump_bus_find_next_enabled_speed
                0x080026f8       0xe4 ./Core/Src/backplane_pump_bus.o
 .text.pump_bus_required_slots_mask
                0x080027dc      0x1ac ./Core/Src/backplane_pump_bus.o
 .text.pump_bus_write_control
                0x08002988       0x4c ./Core/Src/backplane_pump_bus.o
 .text.pump_bus_clear_remote_queue
                0x080029d4       0x38 ./Core/Src/backplane_pump_bus.o
 .text.pump_bus_write_queue_entry
                0x08002a0c       0xee ./Core/Src/backplane_pump_bus.o
 .text.pump_bus_verify_remote_queue
                0x08002afa       0xe0 ./Core/Src/backplane_pump_bus.o
 *fill*         0x08002bda        0x2 
 .text.pump_bus_upload_schedule
                0x08002bdc      0x2e0 ./Core/Src/backplane_pump_bus.o
 .text.pump_bus_init
                0x08002ebc       0x18 ./Core/Src/backplane_pump_bus.o
                0x08002ebc                pump_bus_init
 .text.pump_bus_validate_schedule
                0x08002ed4       0xcc ./Core/Src/backplane_pump_bus.o
                0x08002ed4                pump_bus_validate_schedule
 .text.pump_bus_start_schedule
                0x08002fa0       0xa8 ./Core/Src/backplane_pump_bus.o
                0x08002fa0                pump_bus_start_schedule
 .text.pump_bus_preload_initial_dacs
                0x08003048       0x98 ./Core/Src/backplane_pump_bus.o
                0x08003048                pump_bus_preload_initial_dacs
 .text.pump_bus_arm_schedule
                0x080030e0       0x90 ./Core/Src/backplane_pump_bus.o
                0x080030e0                pump_bus_arm_schedule
 .text.pump_bus_stop_all
                0x08003170       0x7c ./Core/Src/backplane_pump_bus.o
                0x08003170                pump_bus_stop_all
 .text.pump_bus_get_last_detail
                0x080031ec       0x14 ./Core/Src/backplane_pump_bus.o
                0x080031ec                pump_bus_get_last_detail
 .text.MX_GPIO_Init
                0x08003200      0x170 ./Core/Src/gpio.o
                0x08003200                MX_GPIO_Init
 .text.main     0x08003370       0x2e ./Core/Src/main.o
                0x08003370                main
 .text.SystemClock_Config
                0x0800339e       0xbe ./Core/Src/main.o
                0x0800339e                SystemClock_Config
 .text.Error_Handler
                0x0800345c        0xc ./Core/Src/main.o
                0x0800345c                Error_Handler
 .text.protocol_crc16_update
                0x08003468       0x60 ./Core/Src/protocol.o
 .text.protocol_reset_frame
                0x080034c8       0x3a ./Core/Src/protocol.o
 .text.protocol_emit_parser_error
                0x08003502       0x40 ./Core/Src/protocol.o
 .text.protocol_crc16_ccitt_false
                0x08003542       0x46 ./Core/Src/protocol.o
                0x08003542                protocol_crc16_ccitt_false
 .text.read_u32_le
                0x08003588       0x36 ./Core/Src/protocol.o
                0x08003588                read_u32_le
 .text.read_u64_le
                0x080035be      0x15c ./Core/Src/protocol.o
                0x080035be                read_u64_le
 .text.write_u16_le
                0x0800371a       0x2c ./Core/Src/protocol.o
                0x0800371a                write_u16_le
 .text.write_u32_le
                0x08003746       0x40 ./Core/Src/protocol.o
                0x08003746                write_u32_le
 .text.write_u64_le
                0x08003786       0xd0 ./Core/Src/protocol.o
                0x08003786                write_u64_le
 .text.protocol_parser_init
                0x08003856       0x48 ./Core/Src/protocol.o
                0x08003856                protocol_parser_init
 *fill*         0x0800389e        0x2 
 .text.protocol_parser_process
                0x080038a0      0x2a0 ./Core/Src/protocol.o
                0x080038a0                protocol_parser_process
 .text.protocol_encode_frame
                0x08003b40       0xca ./Core/Src/protocol.o
                0x08003b40                protocol_encode_frame
 .text.protocol_send_frame
                0x08003c0a       0xae ./Core/Src/protocol.o
                0x08003c0a                protocol_send_frame
 .text.protocol_send_ack
                0x08003cb8       0x4a ./Core/Src/protocol.o
                0x08003cb8                protocol_send_ack
 .text.protocol_send_error
                0x08003d02       0x50 ./Core/Src/protocol.o
                0x08003d02                protocol_send_error
 *fill*         0x08003d52        0x2 
 .text.MX_RTC_Init
                0x08003d54       0x94 ./Core/Src/rtc.o
                0x08003d54                MX_RTC_Init
 .text.HAL_RTC_MspInit
                0x08003de8       0x48 ./Core/Src/rtc.o
                0x08003de8                HAL_RTC_MspInit
 .text.scheduler_validate_pump_action
                0x08003e30       0x86 ./Core/Src/scheduler.o
 .text.scheduler_validate_gpio_action
                0x08003eb6       0xae ./Core/Src/scheduler.o
 .text.scheduler_validate_action_record
                0x08003f64       0xd2 ./Core/Src/scheduler.o
 *fill*         0x08004036        0x2 
 .text.scheduler_init
                0x08004038       0x24 ./Core/Src/scheduler.o
                0x08004038                scheduler_init
 .text.scheduler_clear
                0x0800405c       0x68 ./Core/Src/scheduler.o
                0x0800405c                scheduler_clear
 .text.scheduler_upload_event
                0x080040c4      0x208 ./Core/Src/scheduler.o
                0x080040c4                scheduler_upload_event
 .text.scheduler_start
                0x080042cc       0x54 ./Core/Src/scheduler.o
                0x080042cc                scheduler_start
 .text.scheduler_stop
                0x08004320       0x38 ./Core/Src/scheduler.o
                0x08004320                scheduler_stop
 .text.scheduler_get_status
                0x08004358       0x64 ./Core/Src/scheduler.o
                0x08004358                scheduler_get_status
 .text.scheduler_record_error
                0x080043bc       0x28 ./Core/Src/scheduler.o
                0x080043bc                scheduler_record_error
 .text.scheduler_set_error
                0x080043e4       0x34 ./Core/Src/scheduler.o
                0x080043e4                scheduler_set_error
 .text.scheduler_get_state
                0x08004418       0x1c ./Core/Src/scheduler.o
                0x08004418                scheduler_get_state
 .text.scheduler_get_schedule
                0x08004434       0x14 ./Core/Src/scheduler.o
                0x08004434                scheduler_get_schedule
 .text.MX_SPI1_Init
                0x08004448       0x6c ./Core/Src/spi.o
                0x08004448                MX_SPI1_Init
 .text.HAL_SPI_MspInit
                0x080044b4       0x94 ./Core/Src/spi.o
                0x080044b4                HAL_SPI_MspInit
 .text.spi_frame_crc16_update
                0x08004548       0x60 ./Core/Src/spi_frame.o
 .text.spi_frame_crc16_ccitt_false
                0x080045a8       0x46 ./Core/Src/spi_frame.o
                0x080045a8                spi_frame_crc16_ccitt_false
 .text.spi_frame_read_u16_le
                0x080045ee       0x2a ./Core/Src/spi_frame.o
                0x080045ee                spi_frame_read_u16_le
 .text.spi_frame_read_u32_le
                0x08004618       0x36 ./Core/Src/spi_frame.o
                0x08004618                spi_frame_read_u32_le
 .text.spi_frame_write_u16_le
                0x0800464e       0x2c ./Core/Src/spi_frame.o
                0x0800464e                spi_frame_write_u16_le
 .text.spi_frame_write_u32_le
                0x0800467a       0x40 ./Core/Src/spi_frame.o
                0x0800467a                spi_frame_write_u32_le
 .text.spi_frame_build_command
                0x080046ba       0xa8 ./Core/Src/spi_frame.o
                0x080046ba                spi_frame_build_command
 .text.spi_frame_parse_response
                0x08004762       0xc2 ./Core/Src/spi_frame.o
                0x08004762                spi_frame_parse_response
 .text.HAL_MspInit
                0x08004824       0x64 ./Core/Src/stm32f1xx_hal_msp.o
                0x08004824                HAL_MspInit
 .text.NMI_Handler
                0x08004888        0x8 ./Core/Src/stm32f1xx_it.o
                0x08004888                NMI_Handler
 .text.HardFault_Handler
                0x08004890        0x8 ./Core/Src/stm32f1xx_it.o
                0x08004890                HardFault_Handler
 .text.MemManage_Handler
                0x08004898        0x8 ./Core/Src/stm32f1xx_it.o
                0x08004898                MemManage_Handler
 .text.BusFault_Handler
                0x080048a0        0x8 ./Core/Src/stm32f1xx_it.o
                0x080048a0                BusFault_Handler
 .text.UsageFault_Handler
                0x080048a8        0x8 ./Core/Src/stm32f1xx_it.o
                0x080048a8                UsageFault_Handler
 .text.SVC_Handler
                0x080048b0        0xc ./Core/Src/stm32f1xx_it.o
                0x080048b0                SVC_Handler
 .text.DebugMon_Handler
                0x080048bc        0xc ./Core/Src/stm32f1xx_it.o
                0x080048bc                DebugMon_Handler
 .text.PendSV_Handler
                0x080048c8        0xc ./Core/Src/stm32f1xx_it.o
                0x080048c8                PendSV_Handler
 .text.SysTick_Handler
                0x080048d4        0xc ./Core/Src/stm32f1xx_it.o
                0x080048d4                SysTick_Handler
 .text.USB_LP_CAN1_RX0_IRQHandler
                0x080048e0       0x14 ./Core/Src/stm32f1xx_it.o
                0x080048e0                USB_LP_CAN1_RX0_IRQHandler
 .text.SystemInit
                0x080048f4        0xc ./Core/Src/system_stm32f1xx.o
                0x080048f4                SystemInit
 .text.MX_USART1_Init
                0x08004900       0x58 ./Core/Src/usart.o
                0x08004900                MX_USART1_Init
 .text.MX_USART2_Init
                0x08004958       0x58 ./Core/Src/usart.o
                0x08004958                MX_USART2_Init
 .text.HAL_USART_MspInit
                0x080049b0      0x108 ./Core/Src/usart.o
                0x080049b0                HAL_USART_MspInit
 .text.Reset_Handler
                0x08004ab8       0x48 ./Core/Startup/startup_stm32f103c8tx.o
                0x08004ab8                Reset_Handler
 .text.Default_Handler
                0x08004b00        0x2 ./Core/Startup/startup_stm32f103c8tx.o
                0x08004b00                RTC_Alarm_IRQHandler
                0x08004b00                EXTI2_IRQHandler
                0x08004b00                TIM1_CC_IRQHandler
                0x08004b00                PVD_IRQHandler
                0x08004b00                EXTI3_IRQHandler
                0x08004b00                EXTI0_IRQHandler
                0x08004b00                I2C2_EV_IRQHandler
                0x08004b00                ADC1_2_IRQHandler
                0x08004b00                SPI1_IRQHandler
                0x08004b00                TAMPER_IRQHandler
                0x08004b00                DMA1_Channel4_IRQHandler
                0x08004b00                USART3_IRQHandler
                0x08004b00                RTC_IRQHandler
                0x08004b00                DMA1_Channel7_IRQHandler
                0x08004b00                CAN1_RX1_IRQHandler
                0x08004b00                TIM4_IRQHandler
                0x08004b00                I2C1_EV_IRQHandler
                0x08004b00                DMA1_Channel6_IRQHandler
                0x08004b00                TIM3_IRQHandler
                0x08004b00                RCC_IRQHandler
                0x08004b00                TIM1_TRG_COM_IRQHandler
                0x08004b00                DMA1_Channel1_IRQHandler
                0x08004b00                Default_Handler
                0x08004b00                EXTI15_10_IRQHandler
                0x08004b00                EXTI9_5_IRQHandler
                0x08004b00                SPI2_IRQHandler
                0x08004b00                DMA1_Channel5_IRQHandler
                0x08004b00                EXTI4_IRQHandler
                0x08004b00                USB_HP_CAN1_TX_IRQHandler
                0x08004b00                DMA1_Channel3_IRQHandler
                0x08004b00                TIM1_UP_IRQHandler
                0x08004b00                WWDG_IRQHandler
                0x08004b00                TIM2_IRQHandler
                0x08004b00                TIM1_BRK_IRQHandler
                0x08004b00                EXTI1_IRQHandler
                0x08004b00                USART2_IRQHandler
                0x08004b00                I2C2_ER_IRQHandler
                0x08004b00                DMA1_Channel2_IRQHandler
                0x08004b00                CAN1_SCE_IRQHandler
                0x08004b00                FLASH_IRQHandler
                0x08004b00                USART1_IRQHandler
                0x08004b00                I2C1_ER_IRQHandler
                0x08004b00                USBWakeUp_IRQHandler
 *fill*         0x08004b02        0x2 
 .text.HAL_Init
                0x08004b04       0x2c ./Drivers/STM32F1xx_HAL_Driver/Src/stm32f1xx_hal.o
                0x08004b04                HAL_Init
 .text.HAL_InitTick
                0x08004b30       0x60 ./Drivers/STM32F1xx_HAL_Driver/Src/stm32f1xx_hal.o
                0x08004b30                HAL_InitTick
 .text.HAL_IncTick
                0x08004b90       0x24 ./Drivers/STM32F1xx_HAL_Driver/Src/stm32f1xx_hal.o
                0x08004b90                HAL_IncTick
 .text.HAL_GetTick
                0x08004bb4       0x14 ./Drivers/STM32F1xx_HAL_Driver/Src/stm32f1xx_hal.o
                0x08004bb4                HAL_GetTick
 .text.HAL_Delay
                0x08004bc8       0x48 ./Drivers/STM32F1xx_HAL_Driver/Src/stm32f1xx_hal.o
                0x08004bc8                HAL_Delay
 .text.__NVIC_SetPriorityGrouping
                0x08004c10       0x48 ./Drivers/STM32F1xx_HAL_Driver/Src/stm32f1xx_hal_cortex.o
 .text.__NVIC_GetPriorityGrouping
                0x08004c58       0x1c ./Drivers/STM32F1xx_HAL_Driver/Src/stm32f1xx_hal_cortex.o
 .text.__NVIC_EnableIRQ
                0x08004c74       0x38 ./Drivers/STM32F1xx_HAL_Driver/Src/stm32f1xx_hal_cortex.o
 .text.__NVIC_SetPriority
                0x08004cac       0x54 ./Drivers/STM32F1xx_HAL_Driver/Src/stm32f1xx_hal_cortex.o
 .text.NVIC_EncodePriority
                0x08004d00       0x64 ./Drivers/STM32F1xx_HAL_Driver/Src/stm32f1xx_hal_cortex.o
 .text.SysTick_Config
                0x08004d64       0x44 ./Drivers/STM32F1xx_HAL_Driver/Src/stm32f1xx_hal_cortex.o
 .text.HAL_NVIC_SetPriorityGrouping
                0x08004da8       0x16 ./Drivers/STM32F1xx_HAL_Driver/Src/stm32f1xx_hal_cortex.o
                0x08004da8                HAL_NVIC_SetPriorityGrouping
 .text.HAL_NVIC_SetPriority
                0x08004dbe       0x38 ./Drivers/STM32F1xx_HAL_Driver/Src/stm32f1xx_hal_cortex.o
                0x08004dbe                HAL_NVIC_SetPriority
 .text.HAL_NVIC_EnableIRQ
                0x08004df6       0x1c ./Drivers/STM32F1xx_HAL_Driver/Src/stm32f1xx_hal_cortex.o
                0x08004df6                HAL_NVIC_EnableIRQ
 .text.HAL_SYSTICK_Config
                0x08004e12       0x18 ./Drivers/STM32F1xx_HAL_Driver/Src/stm32f1xx_hal_cortex.o
                0x08004e12                HAL_SYSTICK_Config
 *fill*         0x08004e2a        0x2 
 .text.HAL_GPIO_Init
                0x08004e2c      0x308 ./Drivers/STM32F1xx_HAL_Driver/Src/stm32f1xx_hal_gpio.o
                0x08004e2c                HAL_GPIO_Init
 .text.HAL_GPIO_WritePin
                0x08005134       0x30 ./Drivers/STM32F1xx_HAL_Driver/Src/stm32f1xx_hal_gpio.o
                0x08005134                HAL_GPIO_WritePin
 .text.HAL_PCD_Init
                0x08005164      0x1ec ./Drivers/STM32F1xx_HAL_Driver/Src/stm32f1xx_hal_pcd.o
                0x08005164                HAL_PCD_Init
 .text.HAL_PCD_Start
                0x08005350       0x4c ./Drivers/STM32F1xx_HAL_Driver/Src/stm32f1xx_hal_pcd.o
                0x08005350                HAL_PCD_Start
 .text.HAL_PCD_IRQHandler
                0x0800539c      0x260 ./Drivers/STM32F1xx_HAL_Driver/Src/stm32f1xx_hal_pcd.o
                0x0800539c                HAL_PCD_IRQHandler
 .text.HAL_PCD_SetAddress
                0x080055fc       0x48 ./Drivers/STM32F1xx_HAL_Driver/Src/stm32f1xx_hal_pcd.o
                0x080055fc                HAL_PCD_SetAddress
 .text.HAL_PCD_EP_Open
                0x08005644       0xba ./Drivers/STM32F1xx_HAL_Driver/Src/stm32f1xx_hal_pcd.o
                0x08005644                HAL_PCD_EP_Open
 .text.HAL_PCD_EP_Close
                0x080056fe       0x90 ./Drivers/STM32F1xx_HAL_Driver/Src/stm32f1xx_hal_pcd.o
                0x080056fe                HAL_PCD_EP_Close
 .text.HAL_PCD_EP_Receive
                0x0800578e       0x62 ./Drivers/STM32F1xx_HAL_Driver/Src/stm32f1xx_hal_pcd.o
                0x0800578e                HAL_PCD_EP_Receive
 .text.HAL_PCD_EP_GetRxCount
                0x080057f0       0x2e ./Drivers/STM32F1xx_HAL_Driver/Src/stm32f1xx_hal_pcd.o
                0x080057f0                HAL_PCD_EP_GetRxCount
 .text.HAL_PCD_EP_Transmit
                0x0800581e       0x6e ./Drivers/STM32F1xx_HAL_Driver/Src/stm32f1xx_hal_pcd.o
                0x0800581e                HAL_PCD_EP_Transmit
 .text.HAL_PCD_EP_SetStall
                0x0800588c       0xc0 ./Drivers/STM32F1xx_HAL_Driver/Src/stm32f1xx_hal_pcd.o
                0x0800588c                HAL_PCD_EP_SetStall
 .text.HAL_PCD_EP_ClrStall
                0x0800594c       0xa8 ./Drivers/STM32F1xx_HAL_Driver/Src/stm32f1xx_hal_pcd.o
                0x0800594c                HAL_PCD_EP_ClrStall
 .text.PCD_EP_ISR_Handler
                0x080059f4      0x79e ./Drivers/STM32F1xx_HAL_Driver/Src/stm32f1xx_hal_pcd.o
 .text.HAL_PCD_EP_DB_Receive
                0x08006192      0x21a ./Drivers/STM32F1xx_HAL_Driver/Src/stm32f1xx_hal_pcd.o
 .text.HAL_PCD_EP_DB_Transmit
                0x080063ac      0x7f4 ./Drivers/STM32F1xx_HAL_Driver/Src/stm32f1xx_hal_pcd.o
 .text.HAL_PCDEx_PMAConfig
                0x08006ba0       0x84 ./Drivers/STM32F1xx_HAL_Driver/Src/stm32f1xx_hal_pcd_ex.o
                0x08006ba0                HAL_PCDEx_PMAConfig
 .text.HAL_PWR_EnableBkUpAccess
                0x08006c24       0x18 ./Drivers/STM32F1xx_HAL_Driver/Src/stm32f1xx_hal_pwr.o
                0x08006c24                HAL_PWR_EnableBkUpAccess
 .text.HAL_RCC_OscConfig
                0x08006c3c      0x504 ./Drivers/STM32F1xx_HAL_Driver/Src/stm32f1xx_hal_rcc.o
                0x08006c3c                HAL_RCC_OscConfig
 .text.HAL_RCC_ClockConfig
                0x08007140      0x1d4 ./Drivers/STM32F1xx_HAL_Driver/Src/stm32f1xx_hal_rcc.o
                0x08007140                HAL_RCC_ClockConfig
 .text.HAL_RCC_GetSysClockFreq
                0x08007314       0xa8 ./Drivers/STM32F1xx_HAL_Driver/Src/stm32f1xx_hal_rcc.o
                0x08007314                HAL_RCC_GetSysClockFreq
 .text.HAL_RCC_GetHCLKFreq
                0x080073bc       0x14 ./Drivers/STM32F1xx_HAL_Driver/Src/stm32f1xx_hal_rcc.o
                0x080073bc                HAL_RCC_GetHCLKFreq
 .text.HAL_RCC_GetPCLK1Freq
                0x080073d0       0x28 ./Drivers/STM32F1xx_HAL_Driver/Src/stm32f1xx_hal_rcc.o
                0x080073d0                HAL_RCC_GetPCLK1Freq
 .text.HAL_RCC_GetPCLK2Freq
                0x080073f8       0x28 ./Drivers/STM32F1xx_HAL_Driver/Src/stm32f1xx_hal_rcc.o
                0x080073f8                HAL_RCC_GetPCLK2Freq
 .text.RCC_Delay
                0x08007420       0x3c ./Drivers/STM32F1xx_HAL_Driver/Src/stm32f1xx_hal_rcc.o
 .text.HAL_RCCEx_PeriphCLKConfig
                0x0800745c      0x16c ./Drivers/STM32F1xx_HAL_Driver/Src/stm32f1xx_hal_rcc_ex.o
                0x0800745c                HAL_RCCEx_PeriphCLKConfig
 .text.HAL_RCCEx_GetPeriphCLKFreq
                0x080075c8      0x16c ./Drivers/STM32F1xx_HAL_Driver/Src/stm32f1xx_hal_rcc_ex.o
                0x080075c8                HAL_RCCEx_GetPeriphCLKFreq
 .text.HAL_RTC_Init
                0x08007734      0x118 ./Drivers/STM32F1xx_HAL_Driver/Src/stm32f1xx_hal_rtc.o
                0x08007734                HAL_RTC_Init
 .text.HAL_RTC_SetTime
                0x0800784c      0x12e ./Drivers/STM32F1xx_HAL_Driver/Src/stm32f1xx_hal_rtc.o
                0x0800784c                HAL_RTC_SetTime
 *fill*         0x0800797a        0x2 
 .text.HAL_RTC_SetDate
                0x0800797c      0x16c ./Drivers/STM32F1xx_HAL_Driver/Src/stm32f1xx_hal_rtc.o
                0x0800797c                HAL_RTC_SetDate
 .text.HAL_RTC_WaitForSynchro
                0x08007ae8       0x5a ./Drivers/STM32F1xx_HAL_Driver/Src/stm32f1xx_hal_rtc.o
                0x08007ae8                HAL_RTC_WaitForSynchro
 .text.RTC_ReadTimeCounter
                0x08007b42       0x60 ./Drivers/STM32F1xx_HAL_Driver/Src/stm32f1xx_hal_rtc.o
 .text.RTC_WriteTimeCounter
                0x08007ba2       0x4e ./Drivers/STM32F1xx_HAL_Driver/Src/stm32f1xx_hal_rtc.o
 .text.RTC_ReadAlarmCounter
                0x08007bf0       0x32 ./Drivers/STM32F1xx_HAL_Driver/Src/stm32f1xx_hal_rtc.o
 .text.RTC_WriteAlarmCounter
                0x08007c22       0x4e ./Drivers/STM32F1xx_HAL_Driver/Src/stm32f1xx_hal_rtc.o
 .text.RTC_EnterInitMode
                0x08007c70       0x50 ./Drivers/STM32F1xx_HAL_Driver/Src/stm32f1xx_hal_rtc.o
 .text.RTC_ExitInitMode
                0x08007cc0       0x50 ./Drivers/STM32F1xx_HAL_Driver/Src/stm32f1xx_hal_rtc.o
 .text.RTC_Bcd2ToByte
                0x08007d10       0x3a ./Drivers/STM32F1xx_HAL_Driver/Src/stm32f1xx_hal_rtc.o
 *fill*         0x08007d4a        0x2 
 .text.RTC_WeekDayNum
                0x08007d4c       0xf0 ./Drivers/STM32F1xx_HAL_Driver/Src/stm32f1xx_hal_rtc.o
 .text.HAL_SPI_Init
                0x08007e3c      0x108 ./Drivers/STM32F1xx_HAL_Driver/Src/stm32f1xx_hal_spi.o
                0x08007e3c                HAL_SPI_Init
 .text.HAL_SPI_Transmit
                0x08007f44      0x288 ./Drivers/STM32F1xx_HAL_Driver/Src/stm32f1xx_hal_spi.o
                0x08007f44                HAL_SPI_Transmit
 .text.HAL_SPI_Receive
                0x080081cc      0x232 ./Drivers/STM32F1xx_HAL_Driver/Src/stm32f1xx_hal_spi.o
                0x080081cc                HAL_SPI_Receive
 .text.HAL_SPI_TransmitReceive
                0x080083fe      0x352 ./Drivers/STM32F1xx_HAL_Driver/Src/stm32f1xx_hal_spi.o
                0x080083fe                HAL_SPI_TransmitReceive
 .text.SPI_WaitFlagStateUntilTimeout
                0x08008750      0x110 ./Drivers/STM32F1xx_HAL_Driver/Src/stm32f1xx_hal_spi.o
 .text.SPI_EndRxTransaction
                0x08008860       0xa4 ./Drivers/STM32F1xx_HAL_Driver/Src/stm32f1xx_hal_spi.o
 .text.SPI_EndRxTxTransaction
                0x08008904       0x62 ./Drivers/STM32F1xx_HAL_Driver/Src/stm32f1xx_hal_spi.o
 .text.HAL_USART_Init
                0x08008966       0x82 ./Drivers/STM32F1xx_HAL_Driver/Src/stm32f1xx_hal_usart.o
                0x08008966                HAL_USART_Init
 .text.USART_SetConfig
                0x080089e8      0x1f0 ./Drivers/STM32F1xx_HAL_Driver/Src/stm32f1xx_hal_usart.o
 .text.USB_CoreInit
                0x08008bd8       0x1a ./Drivers/STM32F1xx_HAL_Driver/Src/stm32f1xx_ll_usb.o
                0x08008bd8                USB_CoreInit
 .text.USB_EnableGlobalInt
                0x08008bf2       0x2c ./Drivers/STM32F1xx_HAL_Driver/Src/stm32f1xx_ll_usb.o
                0x08008bf2                USB_EnableGlobalInt
 .text.USB_DisableGlobalInt
                0x08008c1e       0x34 ./Drivers/STM32F1xx_HAL_Driver/Src/stm32f1xx_ll_usb.o
                0x08008c1e                USB_DisableGlobalInt
 .text.USB_SetCurrentMode
                0x08008c52       0x18 ./Drivers/STM32F1xx_HAL_Driver/Src/stm32f1xx_ll_usb.o
                0x08008c52                USB_SetCurrentMode
 .text.USB_DevInit
                0x08008c6a       0x3a ./Drivers/STM32F1xx_HAL_Driver/Src/stm32f1xx_ll_usb.o
                0x08008c6a                USB_DevInit
 .text.USB_ActivateEndpoint
                0x08008ca4      0x780 ./Drivers/STM32F1xx_HAL_Driver/Src/stm32f1xx_ll_usb.o
                0x08008ca4                USB_ActivateEndpoint
 .text.USB_DeactivateEndpoint
                0x08009424      0x3d8 ./Drivers/STM32F1xx_HAL_Driver/Src/stm32f1xx_ll_usb.o
                0x08009424                USB_DeactivateEndpoint
 .text.USB_EPStartXfer
                0x080097fc     0x1762 ./Drivers/STM32F1xx_HAL_Driver/Src/stm32f1xx_ll_usb.o
                0x080097fc                USB_EPStartXfer
 .text.USB_EPSetStall
                0x0800af5e       0xa0 ./Drivers/STM32F1xx_HAL_Driver/Src/stm32f1xx_ll_usb.o
                0x0800af5e                USB_EPSetStall
 .text.USB_EPClearStall
                0x0800affe      0x15a ./Drivers/STM32F1xx_HAL_Driver/Src/stm32f1xx_ll_usb.o
                0x0800affe                USB_EPClearStall
 .text.USB_SetDevAddress
                0x0800b158       0x26 ./Drivers/STM32F1xx_HAL_Driver/Src/stm32f1xx_ll_usb.o
                0x0800b158                USB_SetDevAddress
 .text.USB_DevConnect
                0x0800b17e       0x14 ./Drivers/STM32F1xx_HAL_Driver/Src/stm32f1xx_ll_usb.o
                0x0800b17e                USB_DevConnect
 .text.USB_DevDisconnect
                0x0800b192       0x14 ./Drivers/STM32F1xx_HAL_Driver/Src/stm32f1xx_ll_usb.o
                0x0800b192                USB_DevDisconnect
 .text.USB_ReadInterrupts
                0x0800b1a6       0x1e ./Drivers/STM32F1xx_HAL_Driver/Src/stm32f1xx_ll_usb.o
                0x0800b1a6                USB_ReadInterrupts
 .text.USB_EP0_OutStart
                0x0800b1c4       0x16 ./Drivers/STM32F1xx_HAL_Driver/Src/stm32f1xx_ll_usb.o
                0x0800b1c4                USB_EP0_OutStart
 .text.USB_WritePMA
                0x0800b1da       0x8c ./Drivers/STM32F1xx_HAL_Driver/Src/stm32f1xx_ll_usb.o
                0x0800b1da                USB_WritePMA
 .text.USB_ReadPMA
                0x0800b266       0x9e ./Drivers/STM32F1xx_HAL_Driver/Src/stm32f1xx_ll_usb.o
                0x0800b266                USB_ReadPMA
 .text.USBD_CDC_Init
                0x0800b304       0xf4 ./Middlewares/ST/STM32_USB_Device_Library/Class/CDC/Src/usbd_cdc.o
 .text.USBD_CDC_DeInit
                0x0800b3f8       0x6e ./Middlewares/ST/STM32_USB_Device_Library/Class/CDC/Src/usbd_cdc.o
 .text.USBD_CDC_Setup
                0x0800b466      0x146 ./Middlewares/ST/STM32_USB_Device_Library/Class/CDC/Src/usbd_cdc.o
 .text.USBD_CDC_DataIn
                0x0800b5ac       0xa6 ./Middlewares/ST/STM32_USB_Device_Library/Class/CDC/Src/usbd_cdc.o
 .text.USBD_CDC_DataOut
                0x0800b652       0x56 ./Middlewares/ST/STM32_USB_Device_Library/Class/CDC/Src/usbd_cdc.o
 .text.USBD_CDC_EP0_RxReady
                0x0800b6a8       0x4e ./Middlewares/ST/STM32_USB_Device_Library/Class/CDC/Src/usbd_cdc.o
 *fill*         0x0800b6f6        0x2 
 .text.USBD_CDC_GetFSCfgDesc
                0x0800b6f8       0x20 ./Middlewares/ST/STM32_USB_Device_Library/Class/CDC/Src/usbd_cdc.o
 .text.USBD_CDC_GetHSCfgDesc
                0x0800b718       0x20 ./Middlewares/ST/STM32_USB_Device_Library/Class/CDC/Src/usbd_cdc.o
 .text.USBD_CDC_GetOtherSpeedCfgDesc
                0x0800b738       0x20 ./Middlewares/ST/STM32_USB_Device_Library/Class/CDC/Src/usbd_cdc.o
 .text.USBD_CDC_GetDeviceQualifierDescriptor
                0x0800b758       0x20 ./Middlewares/ST/STM32_USB_Device_Library/Class/CDC/Src/usbd_cdc.o
                0x0800b758                USBD_CDC_GetDeviceQualifierDescriptor
 .text.USBD_CDC_RegisterInterface
                0x0800b778       0x2c ./Middlewares/ST/STM32_USB_Device_Library/Class/CDC/Src/usbd_cdc.o
                0x0800b778                USBD_CDC_RegisterInterface
 .text.USBD_CDC_SetTxBuffer
                0x0800b7a4       0x32 ./Middlewares/ST/STM32_USB_Device_Library/Class/CDC/Src/usbd_cdc.o
                0x0800b7a4                USBD_CDC_SetTxBuffer
 .text.USBD_CDC_SetRxBuffer
                0x0800b7d6       0x26 ./Middlewares/ST/STM32_USB_Device_Library/Class/CDC/Src/usbd_cdc.o
                0x0800b7d6                USBD_CDC_SetRxBuffer
 .text.USBD_CDC_TransmitPacket
                0x0800b7fc       0x5e ./Middlewares/ST/STM32_USB_Device_Library/Class/CDC/Src/usbd_cdc.o
                0x0800b7fc                USBD_CDC_TransmitPacket
 .text.USBD_CDC_ReceivePacket
                0x0800b85a       0x54 ./Middlewares/ST/STM32_USB_Device_Library/Class/CDC/Src/usbd_cdc.o
                0x0800b85a                USBD_CDC_ReceivePacket
 .text.USBD_Init
                0x0800b8ae       0x56 ./Middlewares/ST/STM32_USB_Device_Library/Core/Src/usbd_core.o
                0x0800b8ae                USBD_Init
 .text.USBD_RegisterClass
                0x0800b904       0x32 ./Middlewares/ST/STM32_USB_Device_Library/Core/Src/usbd_core.o
                0x0800b904                USBD_RegisterClass
 .text.USBD_Start
                0x0800b936       0x18 ./Middlewares/ST/STM32_USB_Device_Library/Core/Src/usbd_core.o
                0x0800b936                USBD_Start
 .text.USBD_RunTestMode
                0x0800b94e       0x14 ./Middlewares/ST/STM32_USB_Device_Library/Core/Src/usbd_core.o
                0x0800b94e                USBD_RunTestMode
 .text.USBD_SetClassConfig
                0x0800b962       0x3e ./Middlewares/ST/STM32_USB_Device_Library/Core/Src/usbd_core.o
                0x0800b962                USBD_SetClassConfig
 .text.USBD_ClrClassConfig
                0x0800b9a0       0x26 ./Middlewares/ST/STM32_USB_Device_Library/Core/Src/usbd_core.o
                0x0800b9a0                USBD_ClrClassConfig
 .text.USBD_LL_SetupStage
                0x0800b9c6       0x9a ./Middlewares/ST/STM32_USB_Device_Library/Core/Src/usbd_core.o
                0x0800b9c6                USBD_LL_SetupStage
 .text.USBD_LL_DataOutStage
                0x0800ba60       0xe2 ./Middlewares/ST/STM32_USB_Device_Library/Core/Src/usbd_core.o
                0x0800ba60                USBD_LL_DataOutStage
 .text.USBD_LL_DataInStage
                0x0800bb42      0x14a ./Middlewares/ST/STM32_USB_Device_Library/Core/Src/usbd_core.o
                0x0800bb42                USBD_LL_DataInStage
 .text.USBD_LL_Reset
                0x0800bc8c       0x82 ./Middlewares/ST/STM32_USB_Device_Library/Core/Src/usbd_core.o
                0x0800bc8c                USBD_LL_Reset
 .text.USBD_LL_SetSpeed
                0x0800bd0e       0x1e ./Middlewares/ST/STM32_USB_Device_Library/Core/Src/usbd_core.o
                0x0800bd0e                USBD_LL_SetSpeed
 .text.USBD_LL_Suspend
                0x0800bd2c       0x28 ./Middlewares/ST/STM32_USB_Device_Library/Core/Src/usbd_core.o
                0x0800bd2c                USBD_LL_Suspend
 .text.USBD_LL_Resume
                0x0800bd54       0x2a ./Middlewares/ST/STM32_USB_Device_Library/Core/Src/usbd_core.o
                0x0800bd54                USBD_LL_Resume
 .text.USBD_LL_SOF
                0x0800bd7e       0x34 ./Middlewares/ST/STM32_USB_Device_Library/Core/Src/usbd_core.o
                0x0800bd7e                USBD_LL_SOF
 *fill*         0x0800bdb2        0x2 
 .text.USBD_StdDevReq
                0x0800bdb4       0xd4 ./Middlewares/ST/STM32_USB_Device_Library/Core/Src/usbd_ctlreq.o
                0x0800bdb4                USBD_StdDevReq
 .text.USBD_StdItfReq
                0x0800be88       0x90 ./Middlewares/ST/STM32_USB_Device_Library/Core/Src/usbd_ctlreq.o
                0x0800be88                USBD_StdItfReq
 .text.USBD_StdEPReq
                0x0800bf18      0x2c6 ./Middlewares/ST/STM32_USB_Device_Library/Core/Src/usbd_ctlreq.o
                0x0800bf18                USBD_StdEPReq
 *fill*         0x0800c1de        0x2 
 .text.USBD_GetDescriptor
                0x0800c1e0      0x2d0 ./Middlewares/ST/STM32_USB_Device_Library/Core/Src/usbd_ctlreq.o
 .text.USBD_SetAddress
                0x0800c4b0       0x86 ./Middlewares/ST/STM32_USB_Device_Library/Core/Src/usbd_ctlreq.o
 *fill*         0x0800c536        0x2 
 .text.USBD_SetConfig
                0x0800c538      0x11c ./Middlewares/ST/STM32_USB_Device_Library/Core/Src/usbd_ctlreq.o
 .text.USBD_GetConfig
                0x0800c654       0x6a ./Middlewares/ST/STM32_USB_Device_Library/Core/Src/usbd_ctlreq.o
 .text.USBD_GetStatus
                0x0800c6be       0x66 ./Middlewares/ST/STM32_USB_Device_Library/Core/Src/usbd_ctlreq.o
 .text.USBD_SetFeature
                0x0800c724       0x28 ./Middlewares/ST/STM32_USB_Device_Library/Core/Src/usbd_ctlreq.o
 .text.USBD_ClrFeature
                0x0800c74c       0x42 ./Middlewares/ST/STM32_USB_Device_Library/Core/Src/usbd_ctlreq.o
 .text.USBD_ParseSetupRequest
                0x0800c78e       0x72 ./Middlewares/ST/STM32_USB_Device_Library/Core/Src/usbd_ctlreq.o
                0x0800c78e                USBD_ParseSetupRequest
 .text.USBD_CtlError
                0x0800c800       0x22 ./Middlewares/ST/STM32_USB_Device_Library/Core/Src/usbd_ctlreq.o
                0x0800c800                USBD_CtlError
 .text.USBD_GetString
                0x0800c822       0x84 ./Middlewares/ST/STM32_USB_Device_Library/Core/Src/usbd_ctlreq.o
                0x0800c822                USBD_GetString
 .text.USBD_GetLen
                0x0800c8a6       0x2e ./Middlewares/ST/STM32_USB_Device_Library/Core/Src/usbd_ctlreq.o
 .text.USBD_CtlSendData
                0x0800c8d4       0x38 ./Middlewares/ST/STM32_USB_Device_Library/Core/Src/usbd_ioreq.o
                0x0800c8d4                USBD_CtlSendData
 .text.USBD_CtlContinueSendData
                0x0800c90c       0x24 ./Middlewares/ST/STM32_USB_Device_Library/Core/Src/usbd_ioreq.o
                0x0800c90c                USBD_CtlContinueSendData
 .text.USBD_CtlPrepareRx
                0x0800c930       0x3c ./Middlewares/ST/STM32_USB_Device_Library/Core/Src/usbd_ioreq.o
                0x0800c930                USBD_CtlPrepareRx
 .text.USBD_CtlContinueRx
                0x0800c96c       0x24 ./Middlewares/ST/STM32_USB_Device_Library/Core/Src/usbd_ioreq.o
                0x0800c96c                USBD_CtlContinueRx
 .text.USBD_CtlSendStatus
                0x0800c990       0x26 ./Middlewares/ST/STM32_USB_Device_Library/Core/Src/usbd_ioreq.o
                0x0800c990                USBD_CtlSendStatus
 .text.USBD_CtlReceiveStatus
                0x0800c9b6       0x26 ./Middlewares/ST/STM32_USB_Device_Library/Core/Src/usbd_ioreq.o
                0x0800c9b6                USBD_CtlReceiveStatus
 .text.MX_USB_DEVICE_Init
                0x0800c9dc       0x60 ./USB_DEVICE/App/usb_device.o
                0x0800c9dc                MX_USB_DEVICE_Init
 .text.CDC_Init_FS
                0x0800ca3c       0x28 ./USB_DEVICE/App/usbd_cdc_if.o
 .text.CDC_DeInit_FS
                0x0800ca64        0xe ./USB_DEVICE/App/usbd_cdc_if.o
 *fill*         0x0800ca72        0x2 
 .text.CDC_Control_FS
                0x0800ca74       0xbc ./USB_DEVICE/App/usbd_cdc_if.o
 .text.CDC_Receive_FS
                0x0800cb30       0x38 ./USB_DEVICE/App/usbd_cdc_if.o
 .text.CDC_Transmit_FS
                0x0800cb68       0x4c ./USB_DEVICE/App/usbd_cdc_if.o
                0x0800cb68                CDC_Transmit_FS
 .text.USBD_FS_DeviceDescriptor
                0x0800cbb4       0x24 ./USB_DEVICE/App/usbd_desc.o
                0x0800cbb4                USBD_FS_DeviceDescriptor
 .text.USBD_FS_LangIDStrDescriptor
                0x0800cbd8       0x24 ./USB_DEVICE/App/usbd_desc.o
                0x0800cbd8                USBD_FS_LangIDStrDescriptor
 .text.USBD_FS_ProductStrDescriptor
                0x0800cbfc       0x3c ./USB_DEVICE/App/usbd_desc.o
                0x0800cbfc                USBD_FS_ProductStrDescriptor
 .text.USBD_FS_ManufacturerStrDescriptor
                0x0800cc38       0x28 ./USB_DEVICE/App/usbd_desc.o
                0x0800cc38                USBD_FS_ManufacturerStrDescriptor
 .text.USBD_FS_SerialStrDescriptor
                0x0800cc60       0x24 ./USB_DEVICE/App/usbd_desc.o
                0x0800cc60                USBD_FS_SerialStrDescriptor
 .text.USBD_FS_ConfigStrDescriptor
                0x0800cc84       0x3c ./USB_DEVICE/App/usbd_desc.o
                0x0800cc84                USBD_FS_ConfigStrDescriptor
 .text.USBD_FS_InterfaceStrDescriptor
                0x0800ccc0       0x3c ./USB_DEVICE/App/usbd_desc.o
                0x0800ccc0                USBD_FS_InterfaceStrDescriptor
 .text.Get_SerialNum
                0x0800ccfc       0x58 ./USB_DEVICE/App/usbd_desc.o
 .text.IntToUnicode
                0x0800cd54       0x7c ./USB_DEVICE/App/usbd_desc.o
 .text.HAL_PCD_MspInit
                0x0800cdd0       0x4c ./USB_DEVICE/Target/usbd_conf.o
                0x0800cdd0                HAL_PCD_MspInit
 .text.HAL_PCD_SetupStageCallback
                0x0800ce1c       0x24 ./USB_DEVICE/Target/usbd_conf.o
                0x0800ce1c                HAL_PCD_SetupStageCallback
 .text.HAL_PCD_DataOutStageCallback
                0x0800ce40       0x36 ./USB_DEVICE/Target/usbd_conf.o
                0x0800ce40                HAL_PCD_DataOutStageCallback
 .text.HAL_PCD_DataInStageCallback
                0x0800ce76       0x34 ./USB_DEVICE/Target/usbd_conf.o
                0x0800ce76                HAL_PCD_DataInStageCallback
 .text.HAL_PCD_SOFCallback
                0x0800ceaa       0x1c ./USB_DEVICE/Target/usbd_conf.o
                0x0800ceaa                HAL_PCD_SOFCallback
 .text.HAL_PCD_ResetCallback
                0x0800cec6       0x3c ./USB_DEVICE/Target/usbd_conf.o
                0x0800cec6                HAL_PCD_ResetCallback
 *fill*         0x0800cf02        0x2 
 .text.HAL_PCD_SuspendCallback
                0x0800cf04       0x34 ./USB_DEVICE/Target/usbd_conf.o
                0x0800cf04                HAL_PCD_SuspendCallback
 .text.HAL_PCD_ResumeCallback
                0x0800cf38       0x1c ./USB_DEVICE/Target/usbd_conf.o
                0x0800cf38                HAL_PCD_ResumeCallback
 .text.USBD_LL_Init
                0x0800cf54       0xb4 ./USB_DEVICE/Target/usbd_conf.o
                0x0800cf54                USBD_LL_Init
 .text.USBD_LL_Start
                0x0800d008       0x36 ./USB_DEVICE/Target/usbd_conf.o
                0x0800d008                USBD_LL_Start
 .text.USBD_LL_OpenEP
                0x0800d03e       0x4c ./USB_DEVICE/Target/usbd_conf.o
                0x0800d03e                USBD_LL_OpenEP
 .text.USBD_LL_CloseEP
                0x0800d08a       0x3e ./USB_DEVICE/Target/usbd_conf.o
                0x0800d08a                USBD_LL_CloseEP
 .text.USBD_LL_StallEP
                0x0800d0c8       0x3e ./USB_DEVICE/Target/usbd_conf.o
                0x0800d0c8                USBD_LL_StallEP
 .text.USBD_LL_ClearStallEP
                0x0800d106       0x3e ./USB_DEVICE/Target/usbd_conf.o
                0x0800d106                USBD_LL_ClearStallEP
 .text.USBD_LL_IsStallEP
                0x0800d144       0x56 ./USB_DEVICE/Target/usbd_conf.o
                0x0800d144                USBD_LL_IsStallEP
 .text.USBD_LL_SetUSBAddress
                0x0800d19a       0x3e ./USB_DEVICE/Target/usbd_conf.o
                0x0800d19a                USBD_LL_SetUSBAddress
 .text.USBD_LL_Transmit
                0x0800d1d8       0x46 ./USB_DEVICE/Target/usbd_conf.o
                0x0800d1d8                USBD_LL_Transmit
 .text.USBD_LL_PrepareReceive
                0x0800d21e       0x46 ./USB_DEVICE/Target/usbd_conf.o
                0x0800d21e                USBD_LL_PrepareReceive
 .text.USBD_LL_GetRxDataSize
                0x0800d264       0x26 ./USB_DEVICE/Target/usbd_conf.o
                0x0800d264                USBD_LL_GetRxDataSize
 *fill*         0x0800d28a        0x2 
 .text.USBD_static_malloc
                0x0800d28c       0x18 ./USB_DEVICE/Target/usbd_conf.o
                0x0800d28c                USBD_static_malloc
 .text.USBD_static_free
                0x0800d2a4       0x12 ./USB_DEVICE/Target/usbd_conf.o
                0x0800d2a4                USBD_static_free
 .text.HAL_PCDEx_SetConnectionState
                0x0800d2b6       0x16 ./USB_DEVICE/Target/usbd_conf.o
                0x0800d2b6                HAL_PCDEx_SetConnectionState
 .text.USBD_Get_USB_Status
                0x0800d2cc       0x58 ./USB_DEVICE/Target/usbd_conf.o
 .text.memset   0x0800d324       0x10 C:/ST/STM32CubeIDE_2.1.1/STM32CubeIDE/plugins/com.st.stm32cube.ide.mcu.externaltools.gnu-tools-for-stm32.14.3.rel1.win32_1.0.100.202602081740/tools/bin/../lib/gcc/arm-none-eabi/14.3.1/../../../../arm-none-eabi/lib/thumb/v7-m/nofp\libc_nano.a(libc_a-memset.o)
                0x0800d324                memset
 .text.__libc_init_array
                0x0800d334       0x48 C:/ST/STM32CubeIDE_2.1.1/STM32CubeIDE/plugins/com.st.stm32cube.ide.mcu.externaltools.gnu-tools-for-stm32.14.3.rel1.win32_1.0.100.202602081740/tools/bin/../lib/gcc/arm-none-eabi/14.3.1/../../../../arm-none-eabi/lib/thumb/v7-m/nofp\libc_nano.a(libc_a-init.o)
                0x0800d334                __libc_init_array
 .text.memcpy   0x0800d37c       0x1c C:/ST/STM32CubeIDE_2.1.1/STM32CubeIDE/plugins/com.st.stm32cube.ide.mcu.externaltools.gnu-tools-for-stm32.14.3.rel1.win32_1.0.100.202602081740/tools/bin/../lib/gcc/arm-none-eabi/14.3.1/../../../../arm-none-eabi/lib/thumb/v7-m/nofp\libc_nano.a(libc_a-memcpy-stub.o)
                0x0800d37c                memcpy
 *(.glue_7)
 .glue_7        0x0800d398        0x0 linker stubs
 *(.glue_7t)
 .glue_7t       0x0800d398        0x0 linker stubs
 *(.eh_frame)
 .eh_frame      0x0800d398        0x0 C:/ST/STM32CubeIDE_2.1.1/STM32CubeIDE/plugins/com.st.stm32cube.ide.mcu.externaltools.gnu-tools-for-stm32.14.3.rel1.win32_1.0.100.202602081740/tools/bin/../lib/gcc/arm-none-eabi/14.3.1/thumb/v7-m/nofp/crtbegin.o
 *(.init)
 .init          0x0800d398        0x4 C:/ST/STM32CubeIDE_2.1.1/STM32CubeIDE/plugins/com.st.stm32cube.ide.mcu.externaltools.gnu-tools-for-stm32.14.3.rel1.win32_1.0.100.202602081740/tools/bin/../lib/gcc/arm-none-eabi/14.3.1/thumb/v7-m/nofp/crti.o
                0x0800d398                _init
 .init          0x0800d39c        0x8 C:/ST/STM32CubeIDE_2.1.1/STM32CubeIDE/plugins/com.st.stm32cube.ide.mcu.externaltools.gnu-tools-for-stm32.14.3.rel1.win32_1.0.100.202602081740/tools/bin/../lib/gcc/arm-none-eabi/14.3.1/thumb/v7-m/nofp/crtn.o
 *(.fini)
 .fini          0x0800d3a4        0x4 C:/ST/STM32CubeIDE_2.1.1/STM32CubeIDE/plugins/com.st.stm32cube.ide.mcu.externaltools.gnu-tools-for-stm32.14.3.rel1.win32_1.0.100.202602081740/tools/bin/../lib/gcc/arm-none-eabi/14.3.1/thumb/v7-m/nofp/crti.o
                0x0800d3a4                _fini
 .fini          0x0800d3a8        0x8 C:/ST/STM32CubeIDE_2.1.1/STM32CubeIDE/plugins/com.st.stm32cube.ide.mcu.externaltools.gnu-tools-for-stm32.14.3.rel1.win32_1.0.100.202602081740/tools/bin/../lib/gcc/arm-none-eabi/14.3.1/thumb/v7-m/nofp/crtn.o
                0x0800d3b0                        . = ALIGN (0x4)
                0x0800d3b0                        _etext = .

.vfp11_veneer   0x0800d3b0        0x0
 .vfp11_veneer  0x0800d3b0        0x0 linker stubs

.v4_bx          0x0800d3b0        0x0
 .v4_bx         0x0800d3b0        0x0 linker stubs

.iplt           0x0800d3b0        0x0
 .iplt          0x0800d3b0        0x0 C:/ST/STM32CubeIDE_2.1.1/STM32CubeIDE/plugins/com.st.stm32cube.ide.mcu.externaltools.gnu-tools-for-stm32.14.3.rel1.win32_1.0.100.202602081740/tools/bin/../lib/gcc/arm-none-eabi/14.3.1/thumb/v7-m/nofp/crtbegin.o

.rodata         0x0800d3b0       0x88
                0x0800d3b0                        . = ALIGN (0x4)
 *(.rodata)
 .rodata        0x0800d3b0       0x46 ./USB_DEVICE/App/usbd_desc.o
 *(.rodata*)
 *fill*         0x0800d3f6        0x2 
 .rodata.AHBPrescTable
                0x0800d3f8       0x10 ./Core/Src/system_stm32f1xx.o
                0x0800d3f8                AHBPrescTable
 .rodata.APBPrescTable
                0x0800d408        0x8 ./Core/Src/system_stm32f1xx.o
                0x0800d408                APBPrescTable
 .rodata.aPLLMULFactorTable.1
                0x0800d410       0x10 ./Drivers/STM32F1xx_HAL_Driver/Src/stm32f1xx_hal_rcc.o
 .rodata.aPredivFactorTable.0
                0x0800d420        0x2 ./Drivers/STM32F1xx_HAL_Driver/Src/stm32f1xx_hal_rcc.o
 *fill*         0x0800d422        0x2 
 .rodata.aPLLMULFactorTable.1
                0x0800d424       0x10 ./Drivers/STM32F1xx_HAL_Driver/Src/stm32f1xx_hal_rcc_ex.o
 .rodata.aPredivFactorTable.0
                0x0800d434        0x2 ./Drivers/STM32F1xx_HAL_Driver/Src/stm32f1xx_hal_rcc_ex.o
                0x0800d438                        . = ALIGN (0x4)
 *fill*         0x0800d436        0x2 

.ARM.extab      0x0800d438        0x0
                0x0800d438                        . = ALIGN (0x4)
 *(.ARM.extab* .gnu.linkonce.armextab.*)
                0x0800d438                        . = ALIGN (0x4)

.ARM            0x0800d438        0x8
                0x0800d438                        . = ALIGN (0x4)
                0x0800d438                        __exidx_start = .
 *(.ARM.exidx*)
 .ARM.exidx     0x0800d438        0x8 C:/ST/STM32CubeIDE_2.1.1/STM32CubeIDE/plugins/com.st.stm32cube.ide.mcu.externaltools.gnu-tools-for-stm32.14.3.rel1.win32_1.0.100.202602081740/tools/bin/../lib/gcc/arm-none-eabi/14.3.1/thumb/v7-m/nofp\libgcc.a(_udivmoddi4.o)
                0x0800d440                        __exidx_end = .
                0x0800d440                        . = ALIGN (0x4)

.preinit_array  0x0800d440        0x0
                0x0800d440                        . = ALIGN (0x4)
                0x0800d440                        PROVIDE (__preinit_array_start = .)
 *(.preinit_array*)
                0x0800d440                        PROVIDE (__preinit_array_end = .)
                0x0800d440                        . = ALIGN (0x4)

.init_array     0x0800d440        0x4
                0x0800d440                        . = ALIGN (0x4)
                0x0800d440                        PROVIDE (__init_array_start = .)
 *(SORT_BY_NAME(.init_array.*))
 *(.init_array*)
 .init_array    0x0800d440        0x4 C:/ST/STM32CubeIDE_2.1.1/STM32CubeIDE/plugins/com.st.stm32cube.ide.mcu.externaltools.gnu-tools-for-stm32.14.3.rel1.win32_1.0.100.202602081740/tools/bin/../lib/gcc/arm-none-eabi/14.3.1/thumb/v7-m/nofp/crtbegin.o
                0x0800d444                        PROVIDE (__init_array_end = .)
                0x0800d444                        . = ALIGN (0x4)

.fini_array     0x0800d444        0x4
                0x0800d444                        . = ALIGN (0x4)
                [!provide]                        PROVIDE (__fini_array_start = .)
 *(SORT_BY_NAME(.fini_array.*))
 *(.fini_array*)
 .fini_array    0x0800d444        0x4 C:/ST/STM32CubeIDE_2.1.1/STM32CubeIDE/plugins/com.st.stm32cube.ide.mcu.externaltools.gnu-tools-for-stm32.14.3.rel1.win32_1.0.100.202602081740/tools/bin/../lib/gcc/arm-none-eabi/14.3.1/thumb/v7-m/nofp/crtbegin.o
                [!provide]                        PROVIDE (__fini_array_end = .)
                0x0800d448                        . = ALIGN (0x4)
                0x0800d448                        _sidata = LOADADDR (.data)

.rel.dyn        0x0800d448        0x0
 .rel.iplt      0x0800d448        0x0 C:/ST/STM32CubeIDE_2.1.1/STM32CubeIDE/plugins/com.st.stm32cube.ide.mcu.externaltools.gnu-tools-for-stm32.14.3.rel1.win32_1.0.100.202602081740/tools/bin/../lib/gcc/arm-none-eabi/14.3.1/thumb/v7-m/nofp/crtbegin.o

.data           0x20000000      0x17c load address 0x0800d448
                0x20000000                        . = ALIGN (0x4)
                0x20000000                        _sdata = .
 *(.data)
 *(.data*)
 .data.SystemCoreClock
                0x20000000        0x4 ./Core/Src/system_stm32f1xx.o
                0x20000000                SystemCoreClock
 .data.uwTickPrio
                0x20000004        0x4 ./Drivers/STM32F1xx_HAL_Driver/Src/stm32f1xx_hal.o
                0x20000004                uwTickPrio
 .data.uwTickFreq
                0x20000008        0x1 ./Drivers/STM32F1xx_HAL_Driver/Src/stm32f1xx_hal.o
                0x20000008                uwTickFreq
 *fill*         0x20000009        0x3 
 .data.USBD_CDC_DeviceQualifierDesc
                0x2000000c        0xa ./Middlewares/ST/STM32_USB_Device_Library/Class/CDC/Src/usbd_cdc.o
 *fill*         0x20000016        0x2 
 .data.USBD_CDC
                0x20000018       0x38 ./Middlewares/ST/STM32_USB_Device_Library/Class/CDC/Src/usbd_cdc.o
                0x20000018                USBD_CDC
 .data.USBD_CDC_CfgHSDesc
                0x20000050       0x43 ./Middlewares/ST/STM32_USB_Device_Library/Class/CDC/Src/usbd_cdc.o
                0x20000050                USBD_CDC_CfgHSDesc
 *fill*         0x20000093        0x1 
 .data.USBD_CDC_CfgFSDesc
                0x20000094       0x43 ./Middlewares/ST/STM32_USB_Device_Library/Class/CDC/Src/usbd_cdc.o
                0x20000094                USBD_CDC_CfgFSDesc
 *fill*         0x200000d7        0x1 
 .data.USBD_CDC_OtherSpeedCfgDesc
                0x200000d8       0x43 ./Middlewares/ST/STM32_USB_Device_Library/Class/CDC/Src/usbd_cdc.o
                0x200000d8                USBD_CDC_OtherSpeedCfgDesc
 *fill*         0x2000011b        0x1 
 .data.USBD_Interface_fops_FS
                0x2000011c       0x10 ./USB_DEVICE/App/usbd_cdc_if.o
                0x2000011c                USBD_Interface_fops_FS
 .data.FS_Desc  0x2000012c       0x1c ./USB_DEVICE/App/usbd_desc.o
                0x2000012c                FS_Desc
 .data.USBD_FS_DeviceDesc
                0x20000148       0x12 ./USB_DEVICE/App/usbd_desc.o
                0x20000148                USBD_FS_DeviceDesc
 *fill*         0x2000015a        0x2 
 .data.USBD_LangIDDesc
                0x2000015c        0x4 ./USB_DEVICE/App/usbd_desc.o
                0x2000015c                USBD_LangIDDesc
 .data.USBD_StringSerial
                0x20000160       0x1a ./USB_DEVICE/App/usbd_desc.o
                0x20000160                USBD_StringSerial
 *(.RamFunc)
 *(.RamFunc*)
                0x2000017c                        . = ALIGN (0x4)
 *fill*         0x2000017a        0x2 
                0x2000017c                        _edata = .

.igot.plt       0x2000017c        0x0 load address 0x0800d5c4
 .igot.plt      0x2000017c        0x0 C:/ST/STM32CubeIDE_2.1.1/STM32CubeIDE/plugins/com.st.stm32cube.ide.mcu.externaltools.gnu-tools-for-stm32.14.3.rel1.win32_1.0.100.202602081740/tools/bin/../lib/gcc/arm-none-eabi/14.3.1/thumb/v7-m/nofp/crtbegin.o
                0x2000017c                        . = ALIGN (0x4)

.bss            0x20000180     0x3d8c load address 0x0800d5c4
                0x20000180                        _sbss = .
                0x20000180                        __bss_start__ = _sbss
 *(.bss)
 .bss           0x20000180       0x1c C:/ST/STM32CubeIDE_2.1.1/STM32CubeIDE/plugins/com.st.stm32cube.ide.mcu.externaltools.gnu-tools-for-stm32.14.3.rel1.win32_1.0.100.202602081740/tools/bin/../lib/gcc/arm-none-eabi/14.3.1/thumb/v7-m/nofp/crtbegin.o
 *(.bss*)
 .bss.g_app     0x2000019c      0x340 ./Core/Src/app.o
 .bss.g_card_bus
                0x200004dc       0x4a ./Core/Src/backplane_card_bus.o
 *fill*         0x20000526        0x2 
 .bss.g_fpga_bus
                0x20000528        0xc ./Core/Src/backplane_fpga_bus.o
 .bss.g_pump_bus
                0x20000534        0xa ./Core/Src/backplane_pump_bus.o
 *fill*         0x2000053e        0x2 
 .bss.hrtc      0x20000540       0x14 ./Core/Src/rtc.o
                0x20000540                hrtc
 *fill*         0x20000554        0x4 
 .bss.g_scheduler
                0x20000558     0x2710 ./Core/Src/scheduler.o
 .bss.hspi1     0x20002c68       0x58 ./Core/Src/spi.o
                0x20002c68                hspi1
 .bss.husart1   0x20002cc0       0x44 ./Core/Src/usart.o
                0x20002cc0                husart1
 .bss.husart2   0x20002d04       0x44 ./Core/Src/usart.o
                0x20002d04                husart2
 .bss.uwTick    0x20002d48        0x4 ./Drivers/STM32F1xx_HAL_Driver/Src/stm32f1xx_hal.o
                0x20002d48                uwTick
 .bss.cfgidx.0  0x20002d4c        0x1 ./Middlewares/ST/STM32_USB_Device_Library/Core/Src/usbd_ctlreq.o
 *fill*         0x20002d4d        0x3 
 .bss.hUsbDeviceFS
                0x20002d50      0x2c4 ./USB_DEVICE/App/usb_device.o
                0x20002d50                hUsbDeviceFS
 .bss.UserRxBufferFS
                0x20003014      0x400 ./USB_DEVICE/App/usbd_cdc_if.o
                0x20003014                UserRxBufferFS
 .bss.UserTxBufferFS
                0x20003414      0x400 ./USB_DEVICE/App/usbd_cdc_if.o
                0x20003414                UserTxBufferFS
 .bss.USBD_StrDesc
                0x20003814      0x200 ./USB_DEVICE/App/usbd_desc.o
                0x20003814                USBD_StrDesc
 .bss.hpcd_USB_FS
                0x20003a14      0x2d8 ./USB_DEVICE/Target/usbd_conf.o
                0x20003a14                hpcd_USB_FS
 .bss.mem.0     0x20003cec      0x220 ./USB_DEVICE/Target/usbd_conf.o
 *(COMMON)
                0x20003f0c                        . = ALIGN (0x4)
                0x20003f0c                        _ebss = .
                0x20003f0c                        __bss_end__ = _ebss

._user_heap_stack
                0x20003f0c      0x604 load address 0x0800d5c4
                0x20003f10                        . = ALIGN (0x8)
 *fill*         0x20003f0c        0x4 
                [!provide]                        PROVIDE (end = .)
                0x20003f10                        PROVIDE (_end = .)
                0x20004110                        . = (. + _Min_Heap_Size)
 *fill*         0x20003f10      0x200 
                0x20004510                        . = (. + _Min_Stack_Size)
 *fill*         0x20004110      0x400 
                0x20004510                        . = ALIGN (0x8)

/DISCARD/
 libc.a(*)
 libm.a(*)
 libgcc.a(*)

.ARM.attributes
                0x00000000       0x29
 *(.ARM.attributes)
 .ARM.attributes
                0x00000000       0x1d C:/ST/STM32CubeIDE_2.1.1/STM32CubeIDE/plugins/com.st.stm32cube.ide.mcu.externaltools.gnu-tools-for-stm32.14.3.rel1.win32_1.0.100.202602081740/tools/bin/../lib/gcc/arm-none-eabi/14.3.1/thumb/v7-m/nofp/crti.o
 .ARM.attributes
                0x0000001d       0x2d C:/ST/STM32CubeIDE_2.1.1/STM32CubeIDE/plugins/com.st.stm32cube.ide.mcu.externaltools.gnu-tools-for-stm32.14.3.rel1.win32_1.0.100.202602081740/tools/bin/../lib/gcc/arm-none-eabi/14.3.1/thumb/v7-m/nofp/crtbegin.o
 .ARM.attributes
                0x0000004a       0x2d ./Core/Src/app.o
 .ARM.attributes
                0x00000077       0x2d ./Core/Src/backplane_card_bus.o
 .ARM.attributes
                0x000000a4       0x2d ./Core/Src/backplane_fpga_bus.o
 .ARM.attributes
                0x000000d1       0x2d ./Core/Src/backplane_pump_bus.o
 .ARM.attributes
                0x000000fe       0x2d ./Core/Src/gpio.o
 .ARM.attributes
                0x0000012b       0x2d ./Core/Src/main.o
 .ARM.attributes
                0x00000158       0x2d ./Core/Src/protocol.o
 .ARM.attributes
                0x00000185       0x2d ./Core/Src/rtc.o
 .ARM.attributes
                0x000001b2       0x2d ./Core/Src/scheduler.o
 .ARM.attributes
                0x000001df       0x2d ./Core/Src/spi.o
 .ARM.attributes
                0x0000020c       0x2d ./Core/Src/spi_frame.o
 .ARM.attributes
                0x00000239       0x2d ./Core/Src/stm32f1xx_hal_msp.o
 .ARM.attributes
                0x00000266       0x2d ./Core/Src/stm32f1xx_it.o
 .ARM.attributes
                0x00000293       0x2d ./Core/Src/system_stm32f1xx.o
 .ARM.attributes
                0x000002c0       0x2d ./Core/Src/usart.o
 .ARM.attributes
                0x000002ed       0x21 ./Core/Startup/startup_stm32f103c8tx.o
 .ARM.attributes
                0x0000030e       0x2d ./Drivers/STM32F1xx_HAL_Driver/Src/stm32f1xx_hal.o
 .ARM.attributes
                0x0000033b       0x2d ./Drivers/STM32F1xx_HAL_Driver/Src/stm32f1xx_hal_cortex.o
 .ARM.attributes
                0x00000368       0x2d ./Drivers/STM32F1xx_HAL_Driver/Src/stm32f1xx_hal_gpio.o
 .ARM.attributes
                0x00000395       0x2d ./Drivers/STM32F1xx_HAL_Driver/Src/stm32f1xx_hal_pcd.o
 .ARM.attributes
                0x000003c2       0x2d ./Drivers/STM32F1xx_HAL_Driver/Src/stm32f1xx_hal_pcd_ex.o
 .ARM.attributes
                0x000003ef       0x2d ./Drivers/STM32F1xx_HAL_Driver/Src/stm32f1xx_hal_pwr.o
 .ARM.attributes
                0x0000041c       0x2d ./Drivers/STM32F1xx_HAL_Driver/Src/stm32f1xx_hal_rcc.o
 .ARM.attributes
                0x00000449       0x2d ./Drivers/STM32F1xx_HAL_Driver/Src/stm32f1xx_hal_rcc_ex.o
 .ARM.attributes
                0x00000476       0x2d ./Drivers/STM32F1xx_HAL_Driver/Src/stm32f1xx_hal_rtc.o
 .ARM.attributes
                0x000004a3       0x2d ./Drivers/STM32F1xx_HAL_Driver/Src/stm32f1xx_hal_spi.o
 .ARM.attributes
                0x000004d0       0x2d ./Drivers/STM32F1xx_HAL_Driver/Src/stm32f1xx_hal_usart.o
 .ARM.attributes
                0x000004fd       0x2d ./Drivers/STM32F1xx_HAL_Driver/Src/stm32f1xx_ll_usb.o
 .ARM.attributes
                0x0000052a       0x2d ./Middlewares/ST/STM32_USB_Device_Library/Class/CDC/Src/usbd_cdc.o
 .ARM.attributes
                0x00000557       0x2d ./Middlewares/ST/STM32_USB_Device_Library/Core/Src/usbd_core.o
 .ARM.attributes
                0x00000584       0x2d ./Middlewares/ST/STM32_USB_Device_Library/Core/Src/usbd_ctlreq.o
 .ARM.attributes
                0x000005b1       0x2d ./Middlewares/ST/STM32_USB_Device_Library/Core/Src/usbd_ioreq.o
 .ARM.attributes
                0x000005de       0x2d ./USB_DEVICE/App/usb_device.o
 .ARM.attributes
                0x0000060b       0x2d ./USB_DEVICE/App/usbd_cdc_if.o
 .ARM.attributes
                0x00000638       0x2d ./USB_DEVICE/App/usbd_desc.o
 .ARM.attributes
                0x00000665       0x2d ./USB_DEVICE/Target/usbd_conf.o
 .ARM.attributes
                0x00000692       0x2d C:/ST/STM32CubeIDE_2.1.1/STM32CubeIDE/plugins/com.st.stm32cube.ide.mcu.externaltools.gnu-tools-for-stm32.14.3.rel1.win32_1.0.100.202602081740/tools/bin/../lib/gcc/arm-none-eabi/14.3.1/../../../../arm-none-eabi/lib/thumb/v7-m/nofp\libc_nano.a(libc_a-memset.o)
 .ARM.attributes
                0x000006bf       0x2d C:/ST/STM32CubeIDE_2.1.1/STM32CubeIDE/plugins/com.st.stm32cube.ide.mcu.externaltools.gnu-tools-for-stm32.14.3.rel1.win32_1.0.100.202602081740/tools/bin/../lib/gcc/arm-none-eabi/14.3.1/../../../../arm-none-eabi/lib/thumb/v7-m/nofp\libc_nano.a(libc_a-init.o)
 .ARM.attributes
                0x000006ec       0x2d C:/ST/STM32CubeIDE_2.1.1/STM32CubeIDE/plugins/com.st.stm32cube.ide.mcu.externaltools.gnu-tools-for-stm32.14.3.rel1.win32_1.0.100.202602081740/tools/bin/../lib/gcc/arm-none-eabi/14.3.1/../../../../arm-none-eabi/lib/thumb/v7-m/nofp\libc_nano.a(libc_a-memcpy-stub.o)
 .ARM.attributes
                0x00000719       0x1d C:/ST/STM32CubeIDE_2.1.1/STM32CubeIDE/plugins/com.st.stm32cube.ide.mcu.externaltools.gnu-tools-for-stm32.14.3.rel1.win32_1.0.100.202602081740/tools/bin/../lib/gcc/arm-none-eabi/14.3.1/thumb/v7-m/nofp\libgcc.a(_aeabi_uldivmod.o)
 .ARM.attributes
                0x00000736       0x2d C:/ST/STM32CubeIDE_2.1.1/STM32CubeIDE/plugins/com.st.stm32cube.ide.mcu.externaltools.gnu-tools-for-stm32.14.3.rel1.win32_1.0.100.202602081740/tools/bin/../lib/gcc/arm-none-eabi/14.3.1/thumb/v7-m/nofp\libgcc.a(_udivmoddi4.o)
 .ARM.attributes
                0x00000763       0x1d C:/ST/STM32CubeIDE_2.1.1/STM32CubeIDE/plugins/com.st.stm32cube.ide.mcu.externaltools.gnu-tools-for-stm32.14.3.rel1.win32_1.0.100.202602081740/tools/bin/../lib/gcc/arm-none-eabi/14.3.1/thumb/v7-m/nofp\libgcc.a(_dvmd_tls.o)
 .ARM.attributes
                0x00000780       0x1d C:/ST/STM32CubeIDE_2.1.1/STM32CubeIDE/plugins/com.st.stm32cube.ide.mcu.externaltools.gnu-tools-for-stm32.14.3.rel1.win32_1.0.100.202602081740/tools/bin/../lib/gcc/arm-none-eabi/14.3.1/thumb/v7-m/nofp/crtn.o
OUTPUT(Backplane.elf elf32-littlearm)
LOAD linker stubs
LOAD C:/ST/STM32CubeIDE_2.1.1/STM32CubeIDE/plugins/com.st.stm32cube.ide.mcu.externaltools.gnu-tools-for-stm32.14.3.rel1.win32_1.0.100.202602081740/tools/bin/../lib/gcc/arm-none-eabi/14.3.1/../../../../arm-none-eabi/lib/thumb/v7-m/nofp\libc.a
LOAD C:/ST/STM32CubeIDE_2.1.1/STM32CubeIDE/plugins/com.st.stm32cube.ide.mcu.externaltools.gnu-tools-for-stm32.14.3.rel1.win32_1.0.100.202602081740/tools/bin/../lib/gcc/arm-none-eabi/14.3.1/../../../../arm-none-eabi/lib/thumb/v7-m/nofp\libm.a
LOAD C:/ST/STM32CubeIDE_2.1.1/STM32CubeIDE/plugins/com.st.stm32cube.ide.mcu.externaltools.gnu-tools-for-stm32.14.3.rel1.win32_1.0.100.202602081740/tools/bin/../lib/gcc/arm-none-eabi/14.3.1/thumb/v7-m/nofp\libgcc.a

.debug_info     0x00000000    0x14e82
 .debug_info    0x00000000      0xe4d ./Core/Src/app.o
 .debug_info    0x00000e4d      0xd6a ./Core/Src/backplane_card_bus.o
 .debug_info    0x00001bb7      0xa05 ./Core/Src/backplane_fpga_bus.o
 .debug_info    0x000025bc      0xb6a ./Core/Src/backplane_pump_bus.o
 .debug_info    0x00003126      0x2d3 ./Core/Src/gpio.o
 .debug_info    0x000033f9      0x333 ./Core/Src/main.o
 .debug_info    0x0000372c      0x8ab ./Core/Src/protocol.o
 .debug_info    0x00003fd7      0x484 ./Core/Src/rtc.o
 .debug_info    0x0000445b      0x6da ./Core/Src/scheduler.o
 .debug_info    0x00004b35      0x7bc ./Core/Src/spi.o
 .debug_info    0x000052f1      0x4ce ./Core/Src/spi_frame.o
 .debug_info    0x000057bf      0x1f1 ./Core/Src/stm32f1xx_hal_msp.o
 .debug_info    0x000059b0      0x602 ./Core/Src/stm32f1xx_it.o
 .debug_info    0x00005fb2      0x222 ./Core/Src/system_stm32f1xx.o
 .debug_info    0x000061d4      0x7b4 ./Core/Src/usart.o
 .debug_info    0x00006988       0x30 ./Core/Startup/startup_stm32f103c8tx.o
 .debug_info    0x000069b8      0x704 ./Drivers/STM32F1xx_HAL_Driver/Src/stm32f1xx_hal.o
 .debug_info    0x000070bc      0xa87 ./Drivers/STM32F1xx_HAL_Driver/Src/stm32f1xx_hal_cortex.o
 .debug_info    0x00007b43      0x5ab ./Drivers/STM32F1xx_HAL_Driver/Src/stm32f1xx_hal_gpio.o
 .debug_info    0x000080ee     0x16dc ./Drivers/STM32F1xx_HAL_Driver/Src/stm32f1xx_hal_pcd.o
 .debug_info    0x000097ca      0x6c3 ./Drivers/STM32F1xx_HAL_Driver/Src/stm32f1xx_hal_pcd_ex.o
 .debug_info    0x00009e8d      0x628 ./Drivers/STM32F1xx_HAL_Driver/Src/stm32f1xx_hal_pwr.o
 .debug_info    0x0000a4b5      0x7d5 ./Drivers/STM32F1xx_HAL_Driver/Src/stm32f1xx_hal_rcc.o
 .debug_info    0x0000ac8a      0x3c0 ./Drivers/STM32F1xx_HAL_Driver/Src/stm32f1xx_hal_rcc_ex.o
 .debug_info    0x0000b04a      0xc73 ./Drivers/STM32F1xx_HAL_Driver/Src/stm32f1xx_hal_rtc.o
 .debug_info    0x0000bcbd     0x142d ./Drivers/STM32F1xx_HAL_Driver/Src/stm32f1xx_hal_spi.o
 .debug_info    0x0000d0ea     0x10ab ./Drivers/STM32F1xx_HAL_Driver/Src/stm32f1xx_hal_usart.o
 .debug_info    0x0000e195     0x17ae ./Drivers/STM32F1xx_HAL_Driver/Src/stm32f1xx_ll_usb.o
 .debug_info    0x0000f943     0x1043 ./Middlewares/ST/STM32_USB_Device_Library/Class/CDC/Src/usbd_cdc.o
 .debug_info    0x00010986      0xa52 ./Middlewares/ST/STM32_USB_Device_Library/Core/Src/usbd_core.o
 .debug_info    0x000113d8      0x91c ./Middlewares/ST/STM32_USB_Device_Library/Core/Src/usbd_ctlreq.o
 .debug_info    0x00011cf4      0x6a0 ./Middlewares/ST/STM32_USB_Device_Library/Core/Src/usbd_ioreq.o
 .debug_info    0x00012394      0x63d ./USB_DEVICE/App/usb_device.o
 .debug_info    0x000129d1      0x803 ./USB_DEVICE/App/usbd_cdc_if.o
 .debug_info    0x000131d4      0x44a ./USB_DEVICE/App/usbd_desc.o
 .debug_info    0x0001361e     0x1864 ./USB_DEVICE/Target/usbd_conf.o

.debug_abbrev   0x00000000     0x4931
 .debug_abbrev  0x00000000      0x2b8 ./Core/Src/app.o
 .debug_abbrev  0x000002b8      0x328 ./Core/Src/backplane_card_bus.o
 .debug_abbrev  0x000005e0      0x248 ./Core/Src/backplane_fpga_bus.o
 .debug_abbrev  0x00000828      0x21c ./Core/Src/backplane_pump_bus.o
 .debug_abbrev  0x00000a44      0x13f ./Core/Src/gpio.o
 .debug_abbrev  0x00000b83      0x194 ./Core/Src/main.o
 .debug_abbrev  0x00000d17      0x26c ./Core/Src/protocol.o
 .debug_abbrev  0x00000f83      0x1bb ./Core/Src/rtc.o
 .debug_abbrev  0x0000113e      0x24b ./Core/Src/scheduler.o
 .debug_abbrev  0x00001389      0x1e7 ./Core/Src/spi.o
 .debug_abbrev  0x00001570      0x17a ./Core/Src/spi_frame.o
 .debug_abbrev  0x000016ea       0xdb ./Core/Src/stm32f1xx_hal_msp.o
 .debug_abbrev  0x000017c5      0x192 ./Core/Src/stm32f1xx_it.o
 .debug_abbrev  0x00001957      0x13f ./Core/Src/system_stm32f1xx.o
 .debug_abbrev  0x00001a96      0x1ec ./Core/Src/usart.o
 .debug_abbrev  0x00001c82       0x24 ./Core/Startup/startup_stm32f103c8tx.o
 .debug_abbrev  0x00001ca6      0x201 ./Drivers/STM32F1xx_HAL_Driver/Src/stm32f1xx_hal.o
 .debug_abbrev  0x00001ea7      0x2f8 ./Drivers/STM32F1xx_HAL_Driver/Src/stm32f1xx_hal_cortex.o
 .debug_abbrev  0x0000219f      0x1ca ./Drivers/STM32F1xx_HAL_Driver/Src/stm32f1xx_hal_gpio.o
 .debug_abbrev  0x00002369      0x2d6 ./Drivers/STM32F1xx_HAL_Driver/Src/stm32f1xx_hal_pcd.o
 .debug_abbrev  0x0000263f      0x189 ./Drivers/STM32F1xx_HAL_Driver/Src/stm32f1xx_hal_pcd_ex.o
 .debug_abbrev  0x000027c8      0x1f6 ./Drivers/STM32F1xx_HAL_Driver/Src/stm32f1xx_hal_pwr.o
 .debug_abbrev  0x000029be      0x2b3 ./Drivers/STM32F1xx_HAL_Driver/Src/stm32f1xx_hal_rcc.o
 .debug_abbrev  0x00002c71      0x188 ./Drivers/STM32F1xx_HAL_Driver/Src/stm32f1xx_hal_rcc_ex.o
 .debug_abbrev  0x00002df9      0x23a ./Drivers/STM32F1xx_HAL_Driver/Src/stm32f1xx_hal_rtc.o
 .debug_abbrev  0x00003033      0x27a ./Drivers/STM32F1xx_HAL_Driver/Src/stm32f1xx_hal_spi.o
 .debug_abbrev  0x000032ad      0x278 ./Drivers/STM32F1xx_HAL_Driver/Src/stm32f1xx_hal_usart.o
 .debug_abbrev  0x00003525      0x1de ./Drivers/STM32F1xx_HAL_Driver/Src/stm32f1xx_ll_usb.o
 .debug_abbrev  0x00003703      0x2d3 ./Middlewares/ST/STM32_USB_Device_Library/Class/CDC/Src/usbd_cdc.o
 .debug_abbrev  0x000039d6      0x24a ./Middlewares/ST/STM32_USB_Device_Library/Core/Src/usbd_core.o
 .debug_abbrev  0x00003c20      0x26b ./Middlewares/ST/STM32_USB_Device_Library/Core/Src/usbd_ctlreq.o
 .debug_abbrev  0x00003e8b      0x192 ./Middlewares/ST/STM32_USB_Device_Library/Core/Src/usbd_ioreq.o
 .debug_abbrev  0x0000401d      0x18d ./USB_DEVICE/App/usb_device.o
 .debug_abbrev  0x000041aa      0x272 ./USB_DEVICE/App/usbd_cdc_if.o
 .debug_abbrev  0x0000441c      0x1ff ./USB_DEVICE/App/usbd_desc.o
 .debug_abbrev  0x0000461b      0x316 ./USB_DEVICE/Target/usbd_conf.o

.debug_aranges  0x00000000     0x14b0
 .debug_aranges
                0x00000000       0xe8 ./Core/Src/app.o
 .debug_aranges
                0x000000e8       0xb0 ./Core/Src/backplane_card_bus.o
 .debug_aranges
                0x00000198       0xc8 ./Core/Src/backplane_fpga_bus.o
 .debug_aranges
                0x00000260       0xc0 ./Core/Src/backplane_pump_bus.o
 .debug_aranges
                0x00000320       0x20 ./Core/Src/gpio.o
 .debug_aranges
                0x00000340       0x30 ./Core/Src/main.o
 .debug_aranges
                0x00000370       0xa0 ./Core/Src/protocol.o
 .debug_aranges
                0x00000410       0x30 ./Core/Src/rtc.o
 .debug_aranges
                0x00000440       0x80 ./Core/Src/scheduler.o
 .debug_aranges
                0x000004c0       0x30 ./Core/Src/spi.o
 .debug_aranges
                0x000004f0       0x68 ./Core/Src/spi_frame.o
 .debug_aranges
                0x00000558       0x20 ./Core/Src/stm32f1xx_hal_msp.o
 .debug_aranges
                0x00000578       0x68 ./Core/Src/stm32f1xx_it.o
 .debug_aranges
                0x000005e0       0x28 ./Core/Src/system_stm32f1xx.o
 .debug_aranges
                0x00000608       0x38 ./Core/Src/usart.o
 .debug_aranges
                0x00000640       0x28 ./Core/Startup/startup_stm32f103c8tx.o
 .debug_aranges
                0x00000668       0xe0 ./Drivers/STM32F1xx_HAL_Driver/Src/stm32f1xx_hal.o
 .debug_aranges
                0x00000748      0x100 ./Drivers/STM32F1xx_HAL_Driver/Src/stm32f1xx_hal_cortex.o
 .debug_aranges
                0x00000848       0x58 ./Drivers/STM32F1xx_HAL_Driver/Src/stm32f1xx_hal_gpio.o
 .debug_aranges
                0x000008a0      0x140 ./Drivers/STM32F1xx_HAL_Driver/Src/stm32f1xx_hal_pcd.o
 .debug_aranges
                0x000009e0       0x38 ./Drivers/STM32F1xx_HAL_Driver/Src/stm32f1xx_hal_pcd_ex.o
 .debug_aranges
                0x00000a18       0xa8 ./Drivers/STM32F1xx_HAL_Driver/Src/stm32f1xx_hal_pwr.o
 .debug_aranges
                0x00000ac0       0x90 ./Drivers/STM32F1xx_HAL_Driver/Src/stm32f1xx_hal_rcc.o
 .debug_aranges
                0x00000b50       0x30 ./Drivers/STM32F1xx_HAL_Driver/Src/stm32f1xx_hal_rcc_ex.o
 .debug_aranges
                0x00000b80       0xf8 ./Drivers/STM32F1xx_HAL_Driver/Src/stm32f1xx_hal_rtc.o
 .debug_aranges
                0x00000c78      0x1d0 ./Drivers/STM32F1xx_HAL_Driver/Src/stm32f1xx_hal_spi.o
 .debug_aranges
                0x00000e48      0x178 ./Drivers/STM32F1xx_HAL_Driver/Src/stm32f1xx_hal_usart.o
 .debug_aranges
                0x00000fc0       0xf8 ./Drivers/STM32F1xx_HAL_Driver/Src/stm32f1xx_ll_usb.o
 .debug_aranges
                0x000010b8       0x90 ./Middlewares/ST/STM32_USB_Device_Library/Class/CDC/Src/usbd_cdc.o
 .debug_aranges
                0x00001148       0xb8 ./Middlewares/ST/STM32_USB_Device_Library/Core/Src/usbd_core.o
 .debug_aranges
                0x00001200       0x88 ./Middlewares/ST/STM32_USB_Device_Library/Core/Src/usbd_ctlreq.o
 .debug_aranges
                0x00001288       0x50 ./Middlewares/ST/STM32_USB_Device_Library/Core/Src/usbd_ioreq.o
 .debug_aranges
                0x000012d8       0x20 ./USB_DEVICE/App/usb_device.o
 .debug_aranges
                0x000012f8       0x40 ./USB_DEVICE/App/usbd_cdc_if.o
 .debug_aranges
                0x00001338       0x60 ./USB_DEVICE/App/usbd_desc.o
 .debug_aranges
                0x00001398      0x118 ./USB_DEVICE/Target/usbd_conf.o

.debug_rnglists
                0x00000000      0xf69
 .debug_rnglists
                0x00000000       0xb0 ./Core/Src/app.o
 .debug_rnglists
                0x000000b0       0x85 ./Core/Src/backplane_card_bus.o
 .debug_rnglists
                0x00000135       0x9b ./Core/Src/backplane_fpga_bus.o
 .debug_rnglists
                0x000001d0       0x96 ./Core/Src/backplane_pump_bus.o
 .debug_rnglists
                0x00000266       0x14 ./Core/Src/gpio.o
 .debug_rnglists
                0x0000027a       0x20 ./Core/Src/main.o
 .debug_rnglists
                0x0000029a       0x78 ./Core/Src/protocol.o
 .debug_rnglists
                0x00000312       0x20 ./Core/Src/rtc.o
 .debug_rnglists
                0x00000332       0x5f ./Core/Src/scheduler.o
 .debug_rnglists
                0x00000391       0x20 ./Core/Src/spi.o
 .debug_rnglists
                0x000003b1       0x4d ./Core/Src/spi_frame.o
 .debug_rnglists
                0x000003fe       0x13 ./Core/Src/stm32f1xx_hal_msp.o
 .debug_rnglists
                0x00000411       0x49 ./Core/Src/stm32f1xx_it.o
 .debug_rnglists
                0x0000045a       0x1a ./Core/Src/system_stm32f1xx.o
 .debug_rnglists
                0x00000474       0x26 ./Core/Src/usart.o
 .debug_rnglists
                0x0000049a       0x19 ./Core/Startup/startup_stm32f103c8tx.o
 .debug_rnglists
                0x000004b3       0xa3 ./Drivers/STM32F1xx_HAL_Driver/Src/stm32f1xx_hal.o
 .debug_rnglists
                0x00000556       0xbb ./Drivers/STM32F1xx_HAL_Driver/Src/stm32f1xx_hal_cortex.o
 .debug_rnglists
                0x00000611       0x3f ./Drivers/STM32F1xx_HAL_Driver/Src/stm32f1xx_hal_gpio.o
 .debug_rnglists
                0x00000650       0xf4 ./Drivers/STM32F1xx_HAL_Driver/Src/stm32f1xx_hal_pcd.o
 .debug_rnglists
                0x00000744       0x26 ./Drivers/STM32F1xx_HAL_Driver/Src/stm32f1xx_hal_pcd_ex.o
 .debug_rnglists
                0x0000076a       0x7a ./Drivers/STM32F1xx_HAL_Driver/Src/stm32f1xx_hal_pwr.o
 .debug_rnglists
                0x000007e4       0x6c ./Drivers/STM32F1xx_HAL_Driver/Src/stm32f1xx_hal_rcc.o
 .debug_rnglists
                0x00000850       0x21 ./Drivers/STM32F1xx_HAL_Driver/Src/stm32f1xx_hal_rcc_ex.o
 .debug_rnglists
                0x00000871       0xc1 ./Drivers/STM32F1xx_HAL_Driver/Src/stm32f1xx_hal_rtc.o
 .debug_rnglists
                0x00000932      0x16e ./Drivers/STM32F1xx_HAL_Driver/Src/stm32f1xx_hal_spi.o
 .debug_rnglists
                0x00000aa0      0x12a ./Drivers/STM32F1xx_HAL_Driver/Src/stm32f1xx_hal_usart.o
 .debug_rnglists
                0x00000bca       0xbd ./Drivers/STM32F1xx_HAL_Driver/Src/stm32f1xx_ll_usb.o
 .debug_rnglists
                0x00000c87       0x6a ./Middlewares/ST/STM32_USB_Device_Library/Class/CDC/Src/usbd_cdc.o
 .debug_rnglists
                0x00000cf1       0x89 ./Middlewares/ST/STM32_USB_Device_Library/Core/Src/usbd_core.o
 .debug_rnglists
                0x00000d7a       0x68 ./Middlewares/ST/STM32_USB_Device_Library/Core/Src/usbd_ctlreq.o
 .debug_rnglists
                0x00000de2       0x37 ./Middlewares/ST/STM32_USB_Device_Library/Core/Src/usbd_ioreq.o
 .debug_rnglists
                0x00000e19       0x13 ./USB_DEVICE/App/usb_device.o
 .debug_rnglists
                0x00000e2c       0x2c ./USB_DEVICE/App/usbd_cdc_if.o
 .debug_rnglists
                0x00000e58       0x43 ./USB_DEVICE/App/usbd_desc.o
 .debug_rnglists
                0x00000e9b       0xce ./USB_DEVICE/Target/usbd_conf.o

.debug_macro    0x00000000    0x1c097
 .debug_macro   0x00000000      0x3ed ./Core/Src/app.o
 .debug_macro   0x000003ed      0xacc ./Core/Src/app.o
 .debug_macro   0x00000eb9       0x22 ./Core/Src/app.o
 .debug_macro   0x00000edb       0x8e ./Core/Src/app.o
 .debug_macro   0x00000f69       0x51 ./Core/Src/app.o
 .debug_macro   0x00000fba      0x103 ./Core/Src/app.o
 .debug_macro   0x000010bd       0x6a ./Core/Src/app.o
 .debug_macro   0x00001127      0x1df ./Core/Src/app.o
 .debug_macro   0x00001306       0x22 ./Core/Src/app.o
 .debug_macro   0x00001328      0x106 ./Core/Src/app.o
 .debug_macro   0x0000142e       0x52 ./Core/Src/app.o
 .debug_macro   0x00001480      0x227 ./Core/Src/app.o
 .debug_macro   0x000016a7       0x2e ./Core/Src/app.o
 .debug_macro   0x000016d5       0x22 ./Core/Src/app.o
 .debug_macro   0x000016f7       0x1c ./Core/Src/app.o
 .debug_macro   0x00001713       0x22 ./Core/Src/app.o
 .debug_macro   0x00001735       0xbd ./Core/Src/app.o
 .debug_macro   0x000017f2      0xd23 ./Core/Src/app.o
 .debug_macro   0x00002515     0xe09e ./Core/Src/app.o
 .debug_macro   0x000105b3       0x6d ./Core/Src/app.o
 .debug_macro   0x00010620     0x34a2 ./Core/Src/app.o
 .debug_macro   0x00013ac2      0x190 ./Core/Src/app.o
 .debug_macro   0x00013c52       0x5c ./Core/Src/app.o
 .debug_macro   0x00013cae      0x5bc ./Core/Src/app.o
 .debug_macro   0x0001426a      0x289 ./Core/Src/app.o
 .debug_macro   0x000144f3      0x1cb ./Core/Src/app.o
 .debug_macro   0x000146be      0x114 ./Core/Src/app.o
 .debug_macro   0x000147d2      0x1b2 ./Core/Src/app.o
 .debug_macro   0x00014984       0x27 ./Core/Src/app.o
 .debug_macro   0x000149ab      0x136 ./Core/Src/app.o
 .debug_macro   0x00014ae1      0x1bc ./Core/Src/app.o
 .debug_macro   0x00014c9d       0x34 ./Core/Src/app.o
 .debug_macro   0x00014cd1       0x3c ./Core/Src/app.o
 .debug_macro   0x00014d0d       0x57 ./Core/Src/app.o
 .debug_macro   0x00014d64       0x87 ./Core/Src/app.o
 .debug_macro   0x00014deb      0x240 ./Core/Src/app.o
 .debug_macro   0x0001502b      0x140 ./Core/Src/app.o
 .debug_macro   0x0001516b      0x1ef ./Core/Src/app.o
 .debug_macro   0x0001535a       0xeb ./Core/Src/app.o
 .debug_macro   0x00015445      0x217 ./Core/Src/app.o
 .debug_macro   0x0001565c      0x217 ./Core/Src/app.o
 .debug_macro   0x00015873       0xb7 ./Core/Src/app.o
 .debug_macro   0x0001592a      0x242 ./Core/Src/app.o
 .debug_macro   0x00015b6c       0x83 ./Core/Src/app.o
 .debug_macro   0x00015bef       0x70 ./Core/Src/app.o
 .debug_macro   0x00015c5f       0x28 ./Core/Src/app.o
 .debug_macro   0x00015c87       0x61 ./Core/Src/app.o
 .debug_macro   0x00015ce8       0x24 ./Core/Src/app.o
 .debug_macro   0x00015d0c       0x43 ./Core/Src/app.o
 .debug_macro   0x00015d4f       0x34 ./Core/Src/app.o
 .debug_macro   0x00015d83       0x16 ./Core/Src/app.o
 .debug_macro   0x00015d99       0x3c ./Core/Src/app.o
 .debug_macro   0x00015dd5      0x364 ./Core/Src/app.o
 .debug_macro   0x00016139       0x10 ./Core/Src/app.o
 .debug_macro   0x00016149       0x16 ./Core/Src/app.o
 .debug_macro   0x0001615f       0x4a ./Core/Src/app.o
 .debug_macro   0x000161a9       0x34 ./Core/Src/app.o
 .debug_macro   0x000161dd       0x10 ./Core/Src/app.o
 .debug_macro   0x000161ed       0x58 ./Core/Src/app.o
 .debug_macro   0x00016245       0x8e ./Core/Src/app.o
 .debug_macro   0x000162d3       0x1c ./Core/Src/app.o
 .debug_macro   0x000162ef      0x17e ./Core/Src/app.o
 .debug_macro   0x0001646d       0x16 ./Core/Src/app.o
 .debug_macro   0x00016483       0x16 ./Core/Src/app.o
 .debug_macro   0x00016499      0x146 ./Core/Src/app.o
 .debug_macro   0x000165df       0x16 ./Core/Src/app.o
 .debug_macro   0x000165f5       0x16 ./Core/Src/app.o
 .debug_macro   0x0001660b       0x29 ./Core/Src/app.o
 .debug_macro   0x00016634       0x16 ./Core/Src/app.o
 .debug_macro   0x0001664a       0x20 ./Core/Src/app.o
 .debug_macro   0x0001666a       0x5f ./Core/Src/app.o
 .debug_macro   0x000166c9      0x1c8 ./Core/Src/app.o
 .debug_macro   0x00016891       0x8f ./Core/Src/app.o
 .debug_macro   0x00016920       0x10 ./Core/Src/app.o
 .debug_macro   0x00016930      0x310 ./Core/Src/backplane_card_bus.o
 .debug_macro   0x00016c40       0x6a ./Core/Src/backplane_card_bus.o
 .debug_macro   0x00016caa       0x10 ./Core/Src/backplane_card_bus.o
 .debug_macro   0x00016cba      0x315 ./Core/Src/backplane_fpga_bus.o
 .debug_macro   0x00016fcf      0x106 ./Core/Src/backplane_fpga_bus.o
 .debug_macro   0x000170d5      0x316 ./Core/Src/backplane_pump_bus.o
 .debug_macro   0x000173eb      0x1e9 ./Core/Src/gpio.o
 .debug_macro   0x000175d4      0x379 ./Core/Src/main.o
 .debug_macro   0x0001794d      0x145 ./Core/Src/protocol.o
 .debug_macro   0x00017a92       0x22 ./Core/Src/protocol.o
 .debug_macro   0x00017ab4      0x1e9 ./Core/Src/rtc.o
 .debug_macro   0x00017c9d      0x16f ./Core/Src/scheduler.o
 .debug_macro   0x00017e0c       0x4c ./Core/Src/scheduler.o
 .debug_macro   0x00017e58      0x1e9 ./Core/Src/spi.o
 .debug_macro   0x00018041      0x14e ./Core/Src/spi_frame.o
 .debug_macro   0x0001818f       0x64 ./Core/Src/spi_frame.o
 .debug_macro   0x000181f3      0x1df ./Core/Src/stm32f1xx_hal_msp.o
 .debug_macro   0x000183d2      0x1e9 ./Core/Src/stm32f1xx_it.o
 .debug_macro   0x000185bb      0x1d0 ./Core/Src/system_stm32f1xx.o
 .debug_macro   0x0001878b      0x1e9 ./Core/Src/usart.o