../Core/Src/app.c:57:17:app_get_time_us	32	static
../Core/Src/app.c:62:16:app_prepared_schedule_ready	8	static
../Core/Src/app.c:68:17:app_prepare_remaining_ms	16	static
../Core/Src/app.c:83:13:app_handle_scheduler_runtime	8	static
../Core/Src/app.c:98:13:app_cancel_pending_start	4	static
../Core/Src/app.c:104:13:app_reset_prepare_state	8	static
../Core/Src/app.c:111:13:app_clear_prepared_outputs	8	static
../Core/Src/app.c:118:16:app_arm_prepared_schedule	24	static
../Core/Src/app.c:164:16:app_prepare_schedule	24	static
../Core/Src/app.c:243:16:app_start_schedule	24	static
../Core/Src/app.c:280:13:app_handle_pending_start	16	static
../Core/Src/app.c:304:16:app_try_tx	16	static
../Core/Src/app.c:309:16:app_protocol_tx	32	static
../Core/Src/app.c:344:13:app_send_status	56	static
../Core/Src/app.c:360:13:app_send_prepare_status	32	static
../Core/Src/app.c:378:13:app_send_card_inventory	96	static
../Core/Src/app.c:408:16:app_store_deferred_event	16	static
../Core/Src/app.c:420:16:app_take_deferred_event	16	static
../Core/Src/app.c:432:13:app_enqueue_protocol_error	288	static
../Core/Src/app.c:445:13:app_enqueue_packet	280	static
../Core/Src/app.c:462:13:app_process_protocol_error	24	static
../Core/Src/app.c:468:13:app_handle_packet	32	static
../Core/Src/app.c:558:13:app_process_events	272	static
../Core/Src/app.c:584:6:app_init	8	static
../Core/Src/app.c:595:6:app_poll	8	static
../Core/Src/app.c:611:6:app_on_cdc_rx	16	static
