../Core/Src/backplane_pump_bus.c:41:13:pump_bus_set_error	16	static
../Core/Src/backplane_pump_bus.c:47:17:pump_bus_checksum_word	24	static
../Core/Src/backplane_pump_bus.c:61:17:pump_bus_checksum_entry	24	static
../Core/Src/backplane_pump_bus.c:72:13:pump_bus_read_action	24	static
../Core/Src/backplane_pump_bus.c:103:17:pump_bus_flow_nl_to_speed_mV	32	static
../Core/Src/backplane_pump_bus.c:115:13:pump_bus_build_registers	32	static
../Core/Src/backplane_pump_bus.c:171:13:pump_bus_find_next_enabled_speed	48	static
../Core/Src/backplane_pump_bus.c:215:16:pump_bus_required_slots_mask	104	static
../Core/Src/backplane_pump_bus.c:289:13:pump_bus_write_control	16	static
../Core/Src/backplane_pump_bus.c:301:13:pump_bus_clear_remote_queue	16	static
../Core/Src/backplane_pump_bus.c:311:13:pump_bus_write_queue_entry	16	static
../Core/Src/backplane_pump_bus.c:347:13:pump_bus_verify_remote_queue	40	static
../Core/Src/backplane_pump_bus.c:386:13:pump_bus_upload_schedule	160	static
../Core/Src/backplane_pump_bus.c:512:6:pump_bus_init	8	static
../Core/Src/backplane_pump_bus.c:517:6:pump_bus_validate_schedule	32	static
../Core/Src/backplane_pump_bus.c:560:6:pump_bus_start_schedule	24	static
../Core/Src/backplane_pump_bus.c:595:6:pump_bus_preload_initial_dacs	16	static
../Core/Src/backplane_pump_bus.c:630:6:pump_bus_arm_schedule	16	static
../Core/Src/backplane_pump_bus.c:664:6:pump_bus_stop_all	16	static
../Core/Src/backplane_pump_bus.c:689:9:pump_bus_get_last_status	4	static
../Core/Src/backplane_pump_bus.c:694:9:pump_bus_get_last_detail	4	static
