../Core/Src/backplane_fpga_bus.c:41:13:fpga_bus_set_error	16	static
../Core/Src/backplane_fpga_bus.c:47:17:fpga_bus_checksum_word	16	static
../Core/Src/backplane_fpga_bus.c:52:17:fpga_bus_checksum_event	24	static
../Core/Src/backplane_fpga_bus.c:59:17:fpga_bus_checksum_action	24	static
../Core/Src/backplane_fpga_bus.c:72:13:fpga_bus_ensure_slot	16	static
../Core/Src/backplane_fpga_bus.c:99:13:fpga_bus_read_action	24	static
../Core/Src/backplane_fpga_bus.c:130:13:fpga_bus_build_gpio_registers	32	static
../Core/Src/backplane_fpga_bus.c:215:13:fpga_bus_validate_actions	72	static
../Core/Src/backplane_fpga_bus.c:275:13:fpga_bus_write_control	16	static
../Core/Src/backplane_fpga_bus.c:287:13:fpga_bus_clear_remote_queue	8	static
../Core/Src/backplane_fpga_bus.c:297:13:fpga_bus_write_event_entry	24	static
../Core/Src/backplane_fpga_bus.c:325:13:fpga_bus_write_action_entry	24	static
../Core/Src/backplane_fpga_bus.c:369:13:fpga_bus_verify_remote_schedule	56	static
../Core/Src/backplane_fpga_bus.c:444:13:fpga_bus_upload_schedule	88	static
../Core/Src/backplane_fpga_bus.c:549:6:fpga_bus_init	8	static
../Core/Src/backplane_fpga_bus.c:554:6:fpga_bus_validate_schedule	24	static
../Core/Src/backplane_fpga_bus.c:588:6:fpga_bus_start_schedule	16	static
../Core/Src/backplane_fpga_bus.c:623:6:fpga_bus_arm_schedule	8	static
../Core/Src/backplane_fpga_bus.c:652:6:fpga_bus_is_schedule_complete	16	static
../Core/Src/backplane_fpga_bus.c:678:6:fpga_bus_stop_all	8	static
../Core/Src/backplane_fpga_bus.c:698:9:fpga_bus_get_last_status	4	static
../Core/Src/backplane_fpga_bus.c:703:9:fpga_bus_get_last_detail	4	static
